******************************************************************************
                  MSP430 Linker PC v18.1.3                     
******************************************************************************
>> Linked Tue Dec 18 11:07:54 2018

OUTPUT FILE NAME:   <RelojLCD.out>
ENTRY POINT SYMBOL: "_c_int00_noargs"  address: 0000d698


MEMORY CONFIGURATION

         name            origin    length      used     unused   attr    fill
----------------------  --------  ---------  --------  --------  ----  --------
  SFR                   00000000   00000010  00000000  00000010  RWIX
  PERIPHERALS_8BIT      00000010   000000f0  00000000  000000f0  RWIX
  PERIPHERALS_16BIT     00000100   00000100  00000000  00000100  RWIX
  RAM                   00000200   00000200  0000006c  00000194  RWIX
  INFOD                 00001000   00000040  00000000  00000040  RWIX
  INFOC                 00001040   00000040  00000000  00000040  RWIX
  INFOB                 00001080   00000040  00000000  00000040  RWIX
  INFOA                 000010c0   00000040  00000000  00000040  RWIX
  FLASH                 0000c000   00003fde  000017ec  000027f2  RWIX
  BSLSIGNATURE          0000ffde   00000002  00000002  00000000  RWIX  ffff 
  INT00                 0000ffe0   00000002  00000002  00000000  RWIX
  INT01                 0000ffe2   00000002  00000000  00000002  RWIX
  INT02                 0000ffe4   00000002  00000002  00000000  RWIX
  INT03                 0000ffe6   00000002  00000002  00000000  RWIX
  INT04                 0000ffe8   00000002  00000000  00000002  RWIX
  INT05                 0000ffea   00000002  00000002  00000000  RWIX
  INT06                 0000ffec   00000002  00000002  00000000  RWIX
  INT07                 0000ffee   00000002  00000002  00000000  RWIX
  INT08                 0000fff0   00000002  00000002  00000000  RWIX
  INT09                 0000fff2   00000002  00000002  00000000  RWIX
  INT10                 0000fff4   00000002  00000002  00000000  RWIX
  INT11                 0000fff6   00000002  00000002  00000000  RWIX
  INT12                 0000fff8   00000002  00000002  00000000  RWIX
  INT13                 0000fffa   00000002  00000002  00000000  RWIX
  INT14                 0000fffc   00000002  00000002  00000000  RWIX
  RESET                 0000fffe   00000002  00000002  00000000  RWIX


SECTION ALLOCATION MAP

 output                                  attributes/
section   page    origin      length       input sections
--------  ----  ----------  ----------   ----------------
.data      0    00000200    0000001c     UNINITIALIZED
                  00000200    0000001c     RelojLCD.obj (.data)

.stack     0    000003b0    00000050     UNINITIALIZED
                  000003b0    00000002     rts430_eabi.lib : boot.c.obj (.stack)
                  000003b2    0000004e     --HOLE--

.text      0    0000c000    00001742     
                  0000c000    00000360     rts430_eabi.lib : div64u.c.obj (.text:__mspabi_divull)
                  0000c360    00000288     RelojLCD.obj (.text:LCD1602_Printf)
                  0000c5e8    000001ee     RelojLCD.obj (.text:Conf_LCD1602)
                  0000c7d6    000001ea     RelojLCD.obj (.text:main)
                  0000c9c0    00000148     rts430_eabi.lib : div64s.c.obj (.text:__mspabi_divlli)
                  0000cb08    00000130     RelojLCD.obj (.text:LCD1602_Print)
                  0000cc38    0000011a     RelojLCD.obj (.text:Conv_Entero)
                  0000cd52    00000114     rts430_eabi.lib : mult64.asm.obj (.text:__mpyll)
                  0000ce66    00000108     RelojLCD.obj (.text:LCD1602_Com)
                  0000cf6e    00000108     RelojLCD.obj (.text:LCD1602_Dato)
                  0000d076    000000fa     RelojLCD.obj (.text:Configuracion)
                  0000d170    00000092     RelojLCD.obj (.text:Tiempo)
                  0000d202    0000007c     rts430_eabi.lib : copy_decompress_lzss.c.obj (.text:decompress:lzss:__TI_decompress_lzss)
                  0000d27e    0000006a     RelojLCD.obj (.text:LCD1602_Char)
                  0000d2e8    0000005c     rts430_eabi.lib : rem64s.c.obj (.text:__mspabi_remlli)
                  0000d344    0000004c     RelojLCD.obj (.text:LCD1602_Cadena)
                  0000d390    0000004c     rts430_eabi.lib : lsr16.asm.obj (.text)
                  0000d3dc    0000004a                     : asr64.c.obj (.text:__mspabi_srall)
                  0000d426    00000046                     : lsr64.c.obj (.text:__mspabi_srlll)
                  0000d46c    00000044                     : lsl64.c.obj (.text:__mspabi_sllll)
                  0000d4b0    00000042                     : autoinit.c.obj (.text:__TI_auto_init_nobinit_nopinit:__TI_auto_init_nobinit_nopinit)
                  0000d4f2    00000038     RelojLCD.obj (.text:LCD1602_GC)
                  0000d52a    0000002c     RelojLCD.obj (.text:Horero)
                  0000d556    0000002c     RelojLCD.obj (.text:Minutero)
                  0000d582    0000002c     RelojLCD.obj (.text:Segundero)
                  0000d5ae    0000002c     RelojLCD.obj (.text:TA0_ISR)
                  0000d5da    0000002c     rts430_eabi.lib : asr16.asm.obj (.text)
                  0000d606    0000002c                     : lsl16.asm.obj (.text)
                  0000d632    00000026                     : mult32.asm.obj (.text)
                  0000d658    00000022                     : mult1632.asm.obj (.text:__mpyul)
                  0000d67a    0000001e     RelojLCD.obj (.text:LCD1602_Pos)
                  0000d698    0000001c     rts430_eabi.lib : boot.c.obj (.text:_c_int00_noargs)
                  0000d6b4    00000016                     : llabs.c.obj (.text:llabs)
                  0000d6ca    00000012                     : copy_decompress_none.c.obj (.text:decompress:none:__TI_decompress_none)
                  0000d6dc    00000012                     : lsr32.asm.obj (.text:l_lsr)
                  0000d6ee    00000012                     : memcpy.c.obj (.text:memcpy)
                  0000d700    00000010                     : epilog.asm.obj (.text)
                  0000d710    0000000c     RelojLCD.obj (.text:P1_ISR)
                  0000d71c    0000000a     RelojLCD.obj (.text:LCD1602_E)
                  0000d726    00000008     RelojLCD.obj (.text:WDT_ISR)
                  0000d72e    00000008     rts430_eabi.lib : isr_trap.asm.obj (.text:_isr:__TI_ISR_TRAP)
                  0000d736    00000006                     : exit.c.obj (.text:abort)
                  0000d73c    00000004                     : pre_init.c.obj (.text:_system_pre_init)
                  0000d740    00000002                     : startup.c.obj (.text:_system_post_cinit)

.const     0    0000d742    00000090     
                  0000d742    00000050     RelojLCD.obj (.const:.string)
                  0000d792    00000040     RelojLCD.obj (.const:signos)

.cinit     0    0000d7d2    0000001a     
                  0000d7d2    00000012     (.cinit..data.load) [load image, compression = lzss]
                  0000d7e4    00000004     (__TI_handler_table)
                  0000d7e8    00000004     (__TI_cinit_table)

.binit     0    0000c000    00000000     

.init_array 
*          0    0000c000    00000000     UNINITIALIZED

TRAPINT    0    0000ffe0    00000002     
                  0000ffe0    00000002     rts430_eabi.lib : int00.asm.obj (.int00)

PORT1      0    0000ffe4    00000002     
                  0000ffe4    00000002     RelojLCD.obj (.int02)

PORT2      0    0000ffe6    00000002     
                  0000ffe6    00000002     rts430_eabi.lib : int03.asm.obj (.int03)

ADC10      0    0000ffea    00000002     
                  0000ffea    00000002     rts430_eabi.lib : int05.asm.obj (.int05)

USCIAB0TX 
*          0    0000ffec    00000002     
                  0000ffec    00000002     rts430_eabi.lib : int06.asm.obj (.int06)

USCIAB0RX 
*          0    0000ffee    00000002     
                  0000ffee    00000002     rts430_eabi.lib : int07.asm.obj (.int07)

TIMER0_A1 
*          0    0000fff0    00000002     
                  0000fff0    00000002     rts430_eabi.lib : int08.asm.obj (.int08)

TIMER0_A0 
*          0    0000fff2    00000002     
                  0000fff2    00000002     RelojLCD.obj (.int09)

WDT        0    0000fff4    00000002     
                  0000fff4    00000002     RelojLCD.obj (.int10)

COMPARATORA 
*          0    0000fff6    00000002     
                  0000fff6    00000002     rts430_eabi.lib : int11.asm.obj (.int11)

TIMER1_A1 
*          0    0000fff8    00000002     
                  0000fff8    00000002     rts430_eabi.lib : int12.asm.obj (.int12)

TIMER1_A0 
*          0    0000fffa    00000002     
                  0000fffa    00000002     rts430_eabi.lib : int13.asm.obj (.int13)

NMI        0    0000fffc    00000002     
                  0000fffc    00000002     rts430_eabi.lib : int14.asm.obj (.int14)

.reset     0    0000fffe    00000002     
                  0000fffe    00000002     rts430_eabi.lib : boot.c.obj (.reset)

$fill000   0    0000ffde    00000002     
                  0000ffde    00000002     --HOLE-- [fill = ffff]

MODULE SUMMARY

       Module                       code   ro data   rw data
       ------                       ----   -------   -------
    .\
       RelojLCD.obj                 3616   150       28     
    +--+----------------------------+------+---------+---------+
       Total:                       3616   150       28     
                                                            
    C:\ti\ccsv8\tools\compiler\ti-cgt-msp430_18.1.3.LTS\lib\rts430_eabi.lib
       div64u.c.obj                 864    0         0      
       div64s.c.obj                 328    0         0      
       mult64.asm.obj               276    0         0      
       copy_decompress_lzss.c.obj   124    0         0      
       rem64s.c.obj                 92     0         0      
       lsr16.asm.obj                76     0         0      
       asr64.c.obj                  74     0         0      
       lsr64.c.obj                  70     0         0      
       lsl64.c.obj                  68     0         0      
       autoinit.c.obj               66     0         0      
       asr16.asm.obj                44     0         0      
       lsl16.asm.obj                44     0         0      
       mult32.asm.obj               38     0         0      
       mult1632.asm.obj             34     0         0      
       boot.c.obj                   28     2         0      
       llabs.c.obj                  22     0         0      
       copy_decompress_none.c.obj   18     0         0      
       lsr32.asm.obj                18     0         0      
       memcpy.c.obj                 18     0         0      
       epilog.asm.obj               16     0         0      
       isr_trap.asm.obj             8      0         0      
       exit.c.obj                   6      0         0      
       pre_init.c.obj               4      0         0      
       int00.asm.obj                0      2         0      
       int03.asm.obj                0      2         0      
       int05.asm.obj                0      2         0      
       int06.asm.obj                0      2         0      
       int07.asm.obj                0      2         0      
       int08.asm.obj                0      2         0      
       int11.asm.obj                0      2         0      
       int12.asm.obj                0      2         0      
       int13.asm.obj                0      2         0      
       int14.asm.obj                0      2         0      
       startup.c.obj                2      0         0      
    +--+----------------------------+------+---------+---------+
       Total:                       2338   22        0      
                                                            
       Stack:                       0      0         80     
       Linker Generated:            0      26        0      
    +--+----------------------------+------+---------+---------+
       Grand Total:                 5954   198       108    


LINKER GENERATED COPY TABLES

__TI_cinit_table @ 0000d7e8 records: 1, size/record: 4, table size: 4
	.data: load addr=0000d7d2, load size=00000012 bytes, run addr=00000200, run size=0000001c bytes, compression=lzss


LINKER GENERATED HANDLER TABLE

__TI_handler_table @ 0000d7e4 records: 2, size/record: 2, table size: 4
	index: 0, handler: __TI_decompress_lzss
	index: 1, handler: __TI_decompress_none


GLOBAL SYMBOLS: SORTED ALPHABETICALLY BY Name 

address   name                          
-------   ----                          
0000004a  ADC10AE0                      
000001b0  ADC10CTL0                     
000001b2  ADC10CTL1                     
00000048  ADC10DTC0                     
00000049  ADC10DTC1                     
000001b4  ADC10MEM                      
000001bc  ADC10SA                       
00000057  BCSCTL1                       
00000058  BCSCTL2                       
00000053  BCSCTL3                       
0000d736  C$$EXIT                       
00000059  CACTL1                        
0000005a  CACTL2                        
000010fb  CALBC1_12MHZ                  
000010f9  CALBC1_16MHZ                  
000010ff  CALBC1_1MHZ                   
000010fd  CALBC1_8MHZ                   
000010fa  CALDCO_12MHZ                  
000010f8  CALDCO_16MHZ                  
000010fe  CALDCO_1MHZ                   
000010fc  CALDCO_8MHZ                   
0000005b  CAPD                          
0000c5e8  Conf_LCD1602                  
0000d076  Configuracion                 
0000cc38  Conv_Entero                   
00000056  DCOCTL                        
00000128  FCTL1                         
0000012a  FCTL2                         
0000012c  FCTL3                         
0000d52a  Horero                        
00000000  IE1                           
00000001  IE2                           
00000002  IFG1                          
00000003  IFG2                          
0000d344  LCD1602_Cadena                
0000d27e  LCD1602_Char                  
0000ce66  LCD1602_Com                   
0000cf6e  LCD1602_Dato                  
0000d71c  LCD1602_E                     
0000d4f2  LCD1602_GC                    
0000d67a  LCD1602_Pos                   
0000cb08  LCD1602_Print                 
0000c360  LCD1602_Printf                
0000d556  Minutero                      
00000022  P1DIR                         
00000025  P1IE                          
00000024  P1IES                         
00000023  P1IFG                         
00000020  P1IN                          
00000021  P1OUT                         
00000027  P1REN                         
00000026  P1SEL                         
00000041  P1SEL2                        
0000d710  P1_ISR                        
0000002a  P2DIR                         
0000002d  P2IE                          
0000002c  P2IES                         
0000002b  P2IFG                         
00000028  P2IN                          
00000029  P2OUT                         
0000002f  P2REN                         
0000002e  P2SEL                         
00000042  P2SEL2                        
0000001a  P3DIR                         
00000018  P3IN                          
00000019  P3OUT                         
00000010  P3REN                         
0000001b  P3SEL                         
00000043  P3SEL2                        
0000d582  Segundero                     
00000172  TA0CCR0                       
00000174  TA0CCR1                       
00000176  TA0CCR2                       
00000162  TA0CCTL0                      
00000164  TA0CCTL1                      
00000166  TA0CCTL2                      
00000160  TA0CTL                        
0000012e  TA0IV                         
00000170  TA0R                          
0000d5ae  TA0_ISR                       
00000192  TA1CCR0                       
00000194  TA1CCR1                       
00000196  TA1CCR2                       
00000182  TA1CCTL0                      
00000184  TA1CCTL1                      
00000186  TA1CCTL2                      
00000180  TA1CTL                        
0000011e  TA1IV                         
00000190  TA1R                          
000010db  TLV_ADC10_1_LEN               
000010da  TLV_ADC10_1_TAG               
000010c0  TLV_CHECKSUM                  
000010f7  TLV_DCO_30_LEN                
000010f6  TLV_DCO_30_TAG                
0000d170  Tiempo                        
0000005d  UCA0ABCTL                     
00000062  UCA0BR0                       
00000063  UCA0BR1                       
00000060  UCA0CTL0                      
00000061  UCA0CTL1                      
0000005f  UCA0IRRCTL                    
0000005e  UCA0IRTCTL                    
00000064  UCA0MCTL                      
00000066  UCA0RXBUF                     
00000065  UCA0STAT                      
00000067  UCA0TXBUF                     
0000006a  UCB0BR0                       
0000006b  UCB0BR1                       
00000068  UCB0CTL0                      
00000069  UCB0CTL1                      
0000006c  UCB0I2CIE                     
00000118  UCB0I2COA                     
0000011a  UCB0I2CSA                     
0000006e  UCB0RXBUF                     
0000006d  UCB0STAT                      
0000006f  UCB0TXBUF                     
00000120  WDTCTL                        
0000d726  WDT_ISR                       
0000020e  WDT_dcnt                      
00000400  __STACK_END                   
00000050  __STACK_SIZE                  
0000d7e8  __TI_CINIT_Base               
0000d7ec  __TI_CINIT_Limit              
0000d7e4  __TI_Handler_Table_Base       
0000d7e8  __TI_Handler_Table_Limit      
0000d72e  __TI_ISR_TRAP                 
0000d4b0  __TI_auto_init_nobinit_nopinit
0000d202  __TI_decompress_lzss          
0000d6ca  __TI_decompress_none          
0000ffe0  __TI_int00                    
0000ffe4  __TI_int02                    
0000ffe6  __TI_int03                    
0000ffea  __TI_int05                    
0000ffec  __TI_int06                    
0000ffee  __TI_int07                    
0000fff0  __TI_int08                    
0000fff2  __TI_int09                    
0000fff4  __TI_int10                    
0000fff6  __TI_int11                    
0000fff8  __TI_int12                    
0000fffa  __TI_int13                    
0000fffc  __TI_int14                    
ffffffff  __TI_pprof_out_hndl           
ffffffff  __TI_prof_data_size           
ffffffff  __TI_prof_data_start          
ffffffff  __c_args__                    
0000c9c0  __mspabi_divlli               
0000c000  __mspabi_divull               
0000d70c  __mspabi_func_epilog_1        
0000d70a  __mspabi_func_epilog_2        
0000d708  __mspabi_func_epilog_3        
0000d706  __mspabi_func_epilog_4        
0000d704  __mspabi_func_epilog_5        
0000d702  __mspabi_func_epilog_6        
0000d700  __mspabi_func_epilog_7        
0000d632  __mspabi_mpyl                 
0000d632  __mspabi_mpyl_sw              
0000cd52  __mspabi_mpyll                
0000cd52  __mspabi_mpyll_sw             
0000d658  __mspabi_mpyul                
0000d658  __mspabi_mpyul_sw             
0000d2e8  __mspabi_remlli               
0000d606  __mspabi_slli                 
0000d62e  __mspabi_slli_1               
0000d61c  __mspabi_slli_10              
0000d61a  __mspabi_slli_11              
0000d618  __mspabi_slli_12              
0000d616  __mspabi_slli_13              
0000d614  __mspabi_slli_14              
0000d612  __mspabi_slli_15              
0000d62c  __mspabi_slli_2               
0000d62a  __mspabi_slli_3               
0000d628  __mspabi_slli_4               
0000d626  __mspabi_slli_5               
0000d624  __mspabi_slli_6               
0000d622  __mspabi_slli_7               
0000d620  __mspabi_slli_8               
0000d61e  __mspabi_slli_9               
0000d46c  __mspabi_sllll                
0000d5da  __mspabi_srai                 
0000d602  __mspabi_srai_1               
0000d5f0  __mspabi_srai_10              
0000d5ee  __mspabi_srai_11              
0000d5ec  __mspabi_srai_12              
0000d5ea  __mspabi_srai_13              
0000d5e8  __mspabi_srai_14              
0000d5e6  __mspabi_srai_15              
0000d600  __mspabi_srai_2               
0000d5fe  __mspabi_srai_3               
0000d5fc  __mspabi_srai_4               
0000d5fa  __mspabi_srai_5               
0000d5f8  __mspabi_srai_6               
0000d5f6  __mspabi_srai_7               
0000d5f4  __mspabi_srai_8               
0000d5f2  __mspabi_srai_9               
0000d3dc  __mspabi_srall                
0000d390  __mspabi_srli                 
0000d3d6  __mspabi_srli_1               
0000d3b2  __mspabi_srli_10              
0000d3ae  __mspabi_srli_11              
0000d3aa  __mspabi_srli_12              
0000d3a6  __mspabi_srli_13              
0000d3a2  __mspabi_srli_14              
0000d39e  __mspabi_srli_15              
0000d3d2  __mspabi_srli_2               
0000d3ce  __mspabi_srli_3               
0000d3ca  __mspabi_srli_4               
0000d3c6  __mspabi_srli_5               
0000d3c2  __mspabi_srli_6               
0000d3be  __mspabi_srli_7               
0000d3ba  __mspabi_srli_8               
0000d3b6  __mspabi_srli_9               
0000d6dc  __mspabi_srll                 
0000d426  __mspabi_srlll                
0000d698  _c_int00_noargs               
0000fffe  _reset_vector                 
000003b0  _stack                        
0000d740  _system_post_cinit            
0000d73c  _system_pre_init              
0000d736  abort                         
00000214  columna                       
00000215  columna1                      
00000216  columna2                      
00000218  columna3                      
00000217  columna4                      
0000021a  columna5                      
00000219  columna6                      
0000020c  cont                          
00000210  conteo                        
0000021b  fila                          
00000208  hor                           
0000020a  hora                          
0000d6b4  llabs                         
0000c7d6  main                          
0000d6ee  memcpy                        
00000204  min                           
00000206  minutos                       
00000200  seg                           
00000202  segundos                      
00000212  seleccion                     
0000d792  signos                        


GLOBAL SYMBOLS: SORTED BY Symbol Address 

address   name                          
-------   ----                          
00000000  IE1                           
00000001  IE2                           
00000002  IFG1                          
00000003  IFG2                          
00000010  P3REN                         
00000018  P3IN                          
00000019  P3OUT                         
0000001a  P3DIR                         
0000001b  P3SEL                         
00000020  P1IN                          
00000021  P1OUT                         
00000022  P1DIR                         
00000023  P1IFG                         
00000024  P1IES                         
00000025  P1IE                          
00000026  P1SEL                         
00000027  P1REN                         
00000028  P2IN                          
00000029  P2OUT                         
0000002a  P2DIR                         
0000002b  P2IFG                         
0000002c  P2IES                         
0000002d  P2IE                          
0000002e  P2SEL                         
0000002f  P2REN                         
00000041  P1SEL2                        
00000042  P2SEL2                        
00000043  P3SEL2                        
00000048  ADC10DTC0                     
00000049  ADC10DTC1                     
0000004a  ADC10AE0                      
00000050  __STACK_SIZE                  
00000053  BCSCTL3                       
00000056  DCOCTL                        
00000057  BCSCTL1                       
00000058  BCSCTL2                       
00000059  CACTL1                        
0000005a  CACTL2                        
0000005b  CAPD                          
0000005d  UCA0ABCTL                     
0000005e  UCA0IRTCTL                    
0000005f  UCA0IRRCTL                    
00000060  UCA0CTL0                      
00000061  UCA0CTL1                      
00000062  UCA0BR0                       
00000063  UCA0BR1                       
00000064  UCA0MCTL                      
00000065  UCA0STAT                      
00000066  UCA0RXBUF                     
00000067  UCA0TXBUF                     
00000068  UCB0CTL0                      
00000069  UCB0CTL1                      
0000006a  UCB0BR0                       
0000006b  UCB0BR1                       
0000006c  UCB0I2CIE                     
0000006d  UCB0STAT                      
0000006e  UCB0RXBUF                     
0000006f  UCB0TXBUF                     
00000118  UCB0I2COA                     
0000011a  UCB0I2CSA                     
0000011e  TA1IV                         
00000120  WDTCTL                        
00000128  FCTL1                         
0000012a  FCTL2                         
0000012c  FCTL3                         
0000012e  TA0IV                         
00000160  TA0CTL                        
00000162  TA0CCTL0                      
00000164  TA0CCTL1                      
00000166  TA0CCTL2                      
00000170  TA0R                          
00000172  TA0CCR0                       
00000174  TA0CCR1                       
00000176  TA0CCR2                       
00000180  TA1CTL                        
00000182  TA1CCTL0                      
00000184  TA1CCTL1                      
00000186  TA1CCTL2                      
00000190  TA1R                          
00000192  TA1CCR0                       
00000194  TA1CCR1                       
00000196  TA1CCR2                       
000001b0  ADC10CTL0                     
000001b2  ADC10CTL1                     
000001b4  ADC10MEM                      
000001bc  ADC10SA                       
00000200  seg                           
00000202  segundos                      
00000204  min                           
00000206  minutos                       
00000208  hor                           
0000020a  hora                          
0000020c  cont                          
0000020e  WDT_dcnt                      
00000210  conteo                        
00000212  seleccion                     
00000214  columna                       
00000215  columna1                      
00000216  columna2                      
00000217  columna4                      
00000218  columna3                      
00000219  columna6                      
0000021a  columna5                      
0000021b  fila                          
000003b0  _stack                        
00000400  __STACK_END                   
000010c0  TLV_CHECKSUM                  
000010da  TLV_ADC10_1_TAG               
000010db  TLV_ADC10_1_LEN               
000010f6  TLV_DCO_30_TAG                
000010f7  TLV_DCO_30_LEN                
000010f8  CALDCO_16MHZ                  
000010f9  CALBC1_16MHZ                  
000010fa  CALDCO_12MHZ                  
000010fb  CALBC1_12MHZ                  
000010fc  CALDCO_8MHZ                   
000010fd  CALBC1_8MHZ                   
000010fe  CALDCO_1MHZ                   
000010ff  CALBC1_1MHZ                   
0000c000  __mspabi_divull               
0000c360  LCD1602_Printf                
0000c5e8  Conf_LCD1602                  
0000c7d6  main                          
0000c9c0  __mspabi_divlli               
0000cb08  LCD1602_Print                 
0000cc38  Conv_Entero                   
0000cd52  __mspabi_mpyll                
0000cd52  __mspabi_mpyll_sw             
0000ce66  LCD1602_Com                   
0000cf6e  LCD1602_Dato                  
0000d076  Configuracion                 
0000d170  Tiempo                        
0000d202  __TI_decompress_lzss          
0000d27e  LCD1602_Char                  
0000d2e8  __mspabi_remlli               
0000d344  LCD1602_Cadena                
0000d390  __mspabi_srli                 
0000d39e  __mspabi_srli_15              
0000d3a2  __mspabi_srli_14              
0000d3a6  __mspabi_srli_13              
0000d3aa  __mspabi_srli_12              
0000d3ae  __mspabi_srli_11              
0000d3b2  __mspabi_srli_10              
0000d3b6  __mspabi_srli_9               
0000d3ba  __mspabi_srli_8               
0000d3be  __mspabi_srli_7               
0000d3c2  __mspabi_srli_6               
0000d3c6  __mspabi_srli_5               
0000d3ca  __mspabi_srli_4               
0000d3ce  __mspabi_srli_3               
0000d3d2  __mspabi_srli_2               
0000d3d6  __mspabi_srli_1               
0000d3dc  __mspabi_srall                
0000d426  __mspabi_srlll                
0000d46c  __mspabi_sllll                
0000d4b0  __TI_auto_init_nobinit_nopinit
0000d4f2  LCD1602_GC                    
0000d52a  Horero                        
0000d556  Minutero                      
0000d582  Segundero                     
0000d5ae  TA0_ISR                       
0000d5da  __mspabi_srai                 
0000d5e6  __mspabi_srai_15              
0000d5e8  __mspabi_srai_14              
0000d5ea  __mspabi_srai_13              
0000d5ec  __mspabi_srai_12              
0000d5ee  __mspabi_srai_11              
0000d5f0  __mspabi_srai_10              
0000d5f2  __mspabi_srai_9               
0000d5f4  __mspabi_srai_8               
0000d5f6  __mspabi_srai_7               
0000d5f8  __mspabi_srai_6               
0000d5fa  __mspabi_srai_5               
0000d5fc  __mspabi_srai_4               
0000d5fe  __mspabi_srai_3               
0000d600  __mspabi_srai_2               
0000d602  __mspabi_srai_1               
0000d606  __mspabi_slli                 
0000d612  __mspabi_slli_15              
0000d614  __mspabi_slli_14              
0000d616  __mspabi_slli_13              
0000d618  __mspabi_slli_12              
0000d61a  __mspabi_slli_11              
0000d61c  __mspabi_slli_10              
0000d61e  __mspabi_slli_9               
0000d620  __mspabi_slli_8               
0000d622  __mspabi_slli_7               
0000d624  __mspabi_slli_6               
0000d626  __mspabi_slli_5               
0000d628  __mspabi_slli_4               
0000d62a  __mspabi_slli_3               
0000d62c  __mspabi_slli_2               
0000d62e  __mspabi_slli_1               
0000d632  __mspabi_mpyl                 
0000d632  __mspabi_mpyl_sw              
0000d658  __mspabi_mpyul                
0000d658  __mspabi_mpyul_sw             
0000d67a  LCD1602_Pos                   
0000d698  _c_int00_noargs               
0000d6b4  llabs                         
0000d6ca  __TI_decompress_none          
0000d6dc  __mspabi_srll                 
0000d6ee  memcpy                        
0000d700  __mspabi_func_epilog_7        
0000d702  __mspabi_func_epilog_6        
0000d704  __mspabi_func_epilog_5        
0000d706  __mspabi_func_epilog_4        
0000d708  __mspabi_func_epilog_3        
0000d70a  __mspabi_func_epilog_2        
0000d70c  __mspabi_func_epilog_1        
0000d710  P1_ISR                        
0000d71c  LCD1602_E                     
0000d726  WDT_ISR                       
0000d72e  __TI_ISR_TRAP                 
0000d736  C$$EXIT                       
0000d736  abort                         
0000d73c  _system_pre_init              
0000d740  _system_post_cinit            
0000d792  signos                        
0000d7e4  __TI_Handler_Table_Base       
0000d7e8  __TI_CINIT_Base               
0000d7e8  __TI_Handler_Table_Limit      
0000d7ec  __TI_CINIT_Limit              
0000ffe0  __TI_int00                    
0000ffe4  __TI_int02                    
0000ffe6  __TI_int03                    
0000ffea  __TI_int05                    
0000ffec  __TI_int06                    
0000ffee  __TI_int07                    
0000fff0  __TI_int08                    
0000fff2  __TI_int09                    
0000fff4  __TI_int10                    
0000fff6  __TI_int11                    
0000fff8  __TI_int12                    
0000fffa  __TI_int13                    
0000fffc  __TI_int14                    
0000fffe  _reset_vector                 
ffffffff  __TI_pprof_out_hndl           
ffffffff  __TI_prof_data_size           
ffffffff  __TI_prof_data_start          
ffffffff  __c_args__                    

[241 symbols]
