******************************************************************************
                  MSP430 Linker PC v18.1.3                     
******************************************************************************
>> Linked Fri Jan 11 11:56:00 2019

OUTPUT FILE NAME:   <SensorVlcd.out>
ENTRY POINT SYMBOL: "_c_int00_noargs"  address: 0000e6ec


MEMORY CONFIGURATION

         name            origin    length      used     unused   attr    fill
----------------------  --------  ---------  --------  --------  ----  --------
  SFR                   00000000   00000010  00000000  00000010  RWIX
  PERIPHERALS_8BIT      00000010   000000f0  00000000  000000f0  RWIX
  PERIPHERALS_16BIT     00000100   00000100  00000000  00000100  RWIX
  RAM                   00000200   00000200  0000007c  00000184  RWIX
  INFOD                 00001000   00000040  00000000  00000040  RWIX
  INFOC                 00001040   00000040  00000000  00000040  RWIX
  INFOB                 00001080   00000040  00000000  00000040  RWIX
  INFOA                 000010c0   00000040  00000000  00000040  RWIX
  FLASH                 0000c000   00003fde  00002820  000017be  RWIX
  BSLSIGNATURE          0000ffde   00000002  00000002  00000000  RWIX  ffff 
  INT00                 0000ffe0   00000002  00000002  00000000  RWIX
  INT01                 0000ffe2   00000002  00000000  00000002  RWIX
  INT02                 0000ffe4   00000002  00000002  00000000  RWIX
  INT03                 0000ffe6   00000002  00000002  00000000  RWIX
  INT04                 0000ffe8   00000002  00000000  00000002  RWIX
  INT05                 0000ffea   00000002  00000002  00000000  RWIX
  INT06                 0000ffec   00000002  00000002  00000000  RWIX
  INT07                 0000ffee   00000002  00000002  00000000  RWIX
  INT08                 0000fff0   00000002  00000002  00000000  RWIX
  INT09                 0000fff2   00000002  00000002  00000000  RWIX
  INT10                 0000fff4   00000002  00000002  00000000  RWIX
  INT11                 0000fff6   00000002  00000002  00000000  RWIX
  INT12                 0000fff8   00000002  00000002  00000000  RWIX
  INT13                 0000fffa   00000002  00000002  00000000  RWIX
  INT14                 0000fffc   00000002  00000002  00000000  RWIX
  RESET                 0000fffe   00000002  00000002  00000000  RWIX


SECTION ALLOCATION MAP

 output                                  attributes/
section   page    origin      length       input sections
--------  ----  ----------  ----------   ----------------
.data      0    00000200    00000028     UNINITIALIZED
                  00000200    00000028     main.obj (.data)

.bss       0    00000228    00000004     UNINITIALIZED
                  00000228    00000004     (.common:val1)

.stack     0    000003b0    00000050     UNINITIALIZED
                  000003b0    00000002     rts430_eabi.lib : boot.c.obj (.stack)
                  000003b2    0000004e     --HOLE--

.text      0    0000c000    000027b6     
                  0000c000    00000360     rts430_eabi.lib : div64u.c.obj (.text:__mspabi_divull)
                  0000c360    000002fa                     : addd.c.obj (.text:__mspabi_addd)
                  0000c65a    00000288     main.obj (.text:LCD1602_Printf)
                  0000c8e2    00000286     rts430_eabi.lib : frcmpyd.c.obj (.text:__TI_frcmpyd)
                  0000cb68    00000278     main.obj (.text:Numeros)
                  0000cde0    0000026e     rts430_eabi.lib : mpyd.c.obj (.text:__mspabi_mpyd)
                  0000d04e    00000260                     : frcaddd.c.obj (.text:__TI_frcaddd)
                  0000d2ae    000001ee     main.obj (.text:Conf_LCD1602)
                  0000d49c    00000148     rts430_eabi.lib : div64s.c.obj (.text:__mspabi_divlli)
                  0000d5e4    00000132                     : fs_add.asm.obj (.text)
                  0000d716    00000130     main.obj (.text:LCD1602_Print)
                  0000d846    0000011a     main.obj (.text:Conv_Entero)
                  0000d960    00000114     rts430_eabi.lib : mult64.asm.obj (.text:__mpyll)
                  0000da74    00000108     main.obj (.text:LCD1602_Com)
                  0000db7c    00000108     main.obj (.text:LCD1602_Dato)
                  0000dc84    000000e8     main.obj (.text:main)
                  0000dd6c    000000dc     rts430_eabi.lib : cmpd.c.obj (.text:__mspabi_cmpd)
                  0000de48    000000c4                     : fs_mpy.asm.obj (.text)
                  0000df0c    000000be                     : renormd.c.obj (.text:__TI_renormd)
                  0000dfca    0000008c                     : cvtdf.c.obj (.text:__mspabi_cvtdf)
                  0000e056    0000007c                     : copy_decompress_lzss.c.obj (.text:decompress:lzss:__TI_decompress_lzss)
                  0000e0d2    00000072                     : cvtfd.c.obj (.text:__mspabi_cvtfd)
                  0000e144    0000006a     main.obj (.text:LCD1602_Char)
                  0000e1ae    00000068     rts430_eabi.lib : fs_toi.asm.obj (.text)
                  0000e216    0000005c                     : rem64s.c.obj (.text:__mspabi_remlli)
                  0000e272    0000005c                     : lsr32.asm.obj (.text:l_lsr_const)
                  0000e2ce    0000004c     main.obj (.text:LCD1602_Cadena)
                  0000e31a    0000004c     rts430_eabi.lib : lsr16.asm.obj (.text)
                  0000e366    0000004a                     : asr64.c.obj (.text:__mspabi_srall)
                  0000e3b0    0000004a                     : fs_cmp.asm.obj (.text)
                  0000e3fa    00000046                     : lsr64.c.obj (.text:__mspabi_srlll)
                  0000e440    00000044                     : lsl64.c.obj (.text:__mspabi_sllll)
                  0000e484    00000042                     : autoinit.c.obj (.text:__TI_auto_init_nobinit_nopinit:__TI_auto_init_nobinit_nopinit)
                  0000e4c6    0000003e                     : asr32.asm.obj (.text:l_asr_const)
                  0000e504    0000003e                     : lsl32.asm.obj (.text:l_lsl_const)
                  0000e542    00000038     main.obj (.text:LCD1602_GC)
                  0000e57a    00000036     main.obj (.text:Conf_Reloj)
                  0000e5b0    0000002e     rts430_eabi.lib : subd.c.obj (.text:__mspabi_subd)
                  0000e5de    0000002c     main.obj (.text:ADC10_ISR)
                  0000e60a    0000002c     rts430_eabi.lib : asr16.asm.obj (.text)
                  0000e636    0000002c                     : lsl16.asm.obj (.text)
                  0000e662    00000026                     : mult32.asm.obj (.text)
                  0000e688    00000024                     : fs_utof.asm.obj (.text)
                  0000e6ac    00000022                     : mult1632.asm.obj (.text:__mpyul)
                  0000e6ce    0000001e     main.obj (.text:LCD1602_Pos)
                  0000e6ec    0000001c     rts430_eabi.lib : boot.c.obj (.text:_c_int00_noargs)
                  0000e708    00000016                     : llabs.c.obj (.text:llabs)
                  0000e71e    00000014                     : copy_zero_init.c.obj (.text:decompress:ZI:__TI_zero_init_nomemset:__TI_zero_init_nomemset)
                  0000e732    00000012                     : copy_decompress_none.c.obj (.text:decompress:none:__TI_decompress_none)
                  0000e744    00000012                     : lsr32.asm.obj (.text:l_lsr)
                  0000e756    00000012                     : memcpy.c.obj (.text:memcpy)
                  0000e768    00000010                     : asr32.asm.obj (.text:l_asr)
                  0000e778    00000010                     : lsl32.asm.obj (.text:l_lsl)
                  0000e788    00000010                     : epilog.asm.obj (.text)
                  0000e798    0000000a     main.obj (.text:LCD1602_E)
                  0000e7a2    00000008     rts430_eabi.lib : isr_trap.asm.obj (.text:_isr:__TI_ISR_TRAP)
                  0000e7aa    00000006                     : exit.c.obj (.text:abort)
                  0000e7b0    00000004                     : pre_init.c.obj (.text:_system_pre_init)
                  0000e7b4    00000002                     : startup.c.obj (.text:_system_post_cinit)

.const     0    0000e7b6    00000048     
                  0000e7b6    00000040     main.obj (.const:signos)
                  0000e7f6    00000008     main.obj (.const:.string)

.cinit     0    0000e7fe    00000022     
                  0000e7fe    00000010     (.cinit..data.load) [load image, compression = lzss]
                  0000e80e    00000006     (__TI_handler_table)
                  0000e814    00000004     (.cinit..bss.load) [load image, compression = zero_init]
                  0000e818    00000008     (__TI_cinit_table)

.binit     0    0000c000    00000000     

.init_array 
*          0    0000c000    00000000     UNINITIALIZED

TRAPINT    0    0000ffe0    00000002     
                  0000ffe0    00000002     rts430_eabi.lib : int00.asm.obj (.int00)

PORT1      0    0000ffe4    00000002     
                  0000ffe4    00000002     rts430_eabi.lib : int02.asm.obj (.int02)

PORT2      0    0000ffe6    00000002     
                  0000ffe6    00000002     rts430_eabi.lib : int03.asm.obj (.int03)

ADC10      0    0000ffea    00000002     
                  0000ffea    00000002     main.obj (.int05)

USCIAB0TX 
*          0    0000ffec    00000002     
                  0000ffec    00000002     rts430_eabi.lib : int06.asm.obj (.int06)

USCIAB0RX 
*          0    0000ffee    00000002     
                  0000ffee    00000002     rts430_eabi.lib : int07.asm.obj (.int07)

TIMER0_A1 
*          0    0000fff0    00000002     
                  0000fff0    00000002     rts430_eabi.lib : int08.asm.obj (.int08)

TIMER0_A0 
*          0    0000fff2    00000002     
                  0000fff2    00000002     rts430_eabi.lib : int09.asm.obj (.int09)

WDT        0    0000fff4    00000002     
                  0000fff4    00000002     rts430_eabi.lib : int10.asm.obj (.int10)

COMPARATORA 
*          0    0000fff6    00000002     
                  0000fff6    00000002     rts430_eabi.lib : int11.asm.obj (.int11)

TIMER1_A1 
*          0    0000fff8    00000002     
                  0000fff8    00000002     rts430_eabi.lib : int12.asm.obj (.int12)

TIMER1_A0 
*          0    0000fffa    00000002     
                  0000fffa    00000002     rts430_eabi.lib : int13.asm.obj (.int13)

NMI        0    0000fffc    00000002     
                  0000fffc    00000002     rts430_eabi.lib : int14.asm.obj (.int14)

.reset     0    0000fffe    00000002     
                  0000fffe    00000002     rts430_eabi.lib : boot.c.obj (.reset)

$fill000   0    0000ffde    00000002     
                  0000ffde    00000002     --HOLE-- [fill = ffff]

MODULE SUMMARY

       Module                       code    ro data   rw data
       ------                       ----    -------   -------
    .\
       main.obj                     3496    74        44     
    +--+----------------------------+-------+---------+---------+
       Total:                       3496    74        44     
                                                             
    C:\ti\ccsv8\tools\compiler\ti-cgt-msp430_18.1.3.LTS\lib\rts430_eabi.lib
       div64u.c.obj                 864     0         0      
       addd.c.obj                   762     0         0      
       frcmpyd.c.obj                646     0         0      
       mpyd.c.obj                   622     0         0      
       frcaddd.c.obj                608     0         0      
       div64s.c.obj                 328     0         0      
       fs_add.asm.obj               306     0         0      
       mult64.asm.obj               276     0         0      
       cmpd.c.obj                   220     0         0      
       fs_mpy.asm.obj               196     0         0      
       renormd.c.obj                190     0         0      
       cvtdf.c.obj                  140     0         0      
       copy_decompress_lzss.c.obj   124     0         0      
       cvtfd.c.obj                  114     0         0      
       lsr32.asm.obj                110     0         0      
       fs_toi.asm.obj               104     0         0      
       rem64s.c.obj                 92      0         0      
       asr32.asm.obj                78      0         0      
       lsl32.asm.obj                78      0         0      
       lsr16.asm.obj                76      0         0      
       asr64.c.obj                  74      0         0      
       fs_cmp.asm.obj               74      0         0      
       lsr64.c.obj                  70      0         0      
       lsl64.c.obj                  68      0         0      
       autoinit.c.obj               66      0         0      
       subd.c.obj                   46      0         0      
       asr16.asm.obj                44      0         0      
       lsl16.asm.obj                44      0         0      
       mult32.asm.obj               38      0         0      
       fs_utof.asm.obj              36      0         0      
       mult1632.asm.obj             34      0         0      
       boot.c.obj                   28      2         0      
       llabs.c.obj                  22      0         0      
       copy_zero_init.c.obj         20      0         0      
       copy_decompress_none.c.obj   18      0         0      
       memcpy.c.obj                 18      0         0      
       epilog.asm.obj               16      0         0      
       isr_trap.asm.obj             8       0         0      
       exit.c.obj                   6       0         0      
       pre_init.c.obj               4       0         0      
       int00.asm.obj                0       2         0      
       int02.asm.obj                0       2         0      
       int03.asm.obj                0       2         0      
       int06.asm.obj                0       2         0      
       int07.asm.obj                0       2         0      
       int08.asm.obj                0       2         0      
       int09.asm.obj                0       2         0      
       int10.asm.obj                0       2         0      
       int11.asm.obj                0       2         0      
       int12.asm.obj                0       2         0      
       int13.asm.obj                0       2         0      
       int14.asm.obj                0       2         0      
       startup.c.obj                2       0         0      
    +--+----------------------------+-------+---------+---------+
       Total:                       6670    26        0      
                                                             
       Stack:                       0       0         80     
       Linker Generated:            0       34        0      
    +--+----------------------------+-------+---------+---------+
       Grand Total:                 10166   134       124    


LINKER GENERATED COPY TABLES

__TI_cinit_table @ 0000e818 records: 2, size/record: 4, table size: 8
	.data: load addr=0000e7fe, load size=00000010 bytes, run addr=00000200, run size=00000028 bytes, compression=lzss
	.bss: load addr=0000e814, load size=00000004 bytes, run addr=00000228, run size=00000004 bytes, compression=zero_init


LINKER GENERATED HANDLER TABLE

__TI_handler_table @ 0000e80e records: 3, size/record: 2, table size: 6
	index: 0, handler: __TI_zero_init
	index: 1, handler: __TI_decompress_lzss
	index: 2, handler: __TI_decompress_none


GLOBAL SYMBOLS: SORTED ALPHABETICALLY BY Name 

address   name                          
-------   ----                          
0000004a  ADC10AE0                      
000001b0  ADC10CTL0                     
000001b2  ADC10CTL1                     
00000048  ADC10DTC0                     
00000049  ADC10DTC1                     
000001b4  ADC10MEM                      
000001bc  ADC10SA                       
0000e5de  ADC10_ISR                     
00000057  BCSCTL1                       
00000058  BCSCTL2                       
00000053  BCSCTL3                       
0000e7aa  C$$EXIT                       
00000059  CACTL1                        
0000005a  CACTL2                        
000010fb  CALBC1_12MHZ                  
000010f9  CALBC1_16MHZ                  
000010ff  CALBC1_1MHZ                   
000010fd  CALBC1_8MHZ                   
000010fa  CALDCO_12MHZ                  
000010f8  CALDCO_16MHZ                  
000010fe  CALDCO_1MHZ                   
000010fc  CALDCO_8MHZ                   
0000005b  CAPD                          
0000d2ae  Conf_LCD1602                  
0000e57a  Conf_Reloj                    
0000d846  Conv_Entero                   
00000056  DCOCTL                        
00000128  FCTL1                         
0000012a  FCTL2                         
0000012c  FCTL3                         
00000000  IE1                           
00000001  IE2                           
00000002  IFG1                          
00000003  IFG2                          
0000e2ce  LCD1602_Cadena                
0000e144  LCD1602_Char                  
0000da74  LCD1602_Com                   
0000db7c  LCD1602_Dato                  
0000e798  LCD1602_E                     
0000e542  LCD1602_GC                    
0000e6ce  LCD1602_Pos                   
0000d716  LCD1602_Print                 
0000c65a  LCD1602_Printf                
0000cb68  Numeros                       
00000022  P1DIR                         
00000025  P1IE                          
00000024  P1IES                         
00000023  P1IFG                         
00000020  P1IN                          
00000021  P1OUT                         
00000027  P1REN                         
00000026  P1SEL                         
00000041  P1SEL2                        
0000002a  P2DIR                         
0000002d  P2IE                          
0000002c  P2IES                         
0000002b  P2IFG                         
00000028  P2IN                          
00000029  P2OUT                         
0000002f  P2REN                         
0000002e  P2SEL                         
00000042  P2SEL2                        
0000001a  P3DIR                         
00000018  P3IN                          
00000019  P3OUT                         
00000010  P3REN                         
0000001b  P3SEL                         
00000043  P3SEL2                        
00000172  TA0CCR0                       
00000174  TA0CCR1                       
00000176  TA0CCR2                       
00000162  TA0CCTL0                      
00000164  TA0CCTL1                      
00000166  TA0CCTL2                      
00000160  TA0CTL                        
0000012e  TA0IV                         
00000170  TA0R                          
00000192  TA1CCR0                       
00000194  TA1CCR1                       
00000196  TA1CCR2                       
00000182  TA1CCTL0                      
00000184  TA1CCTL1                      
00000186  TA1CCTL2                      
00000180  TA1CTL                        
0000011e  TA1IV                         
00000190  TA1R                          
000010db  TLV_ADC10_1_LEN               
000010da  TLV_ADC10_1_TAG               
000010c0  TLV_CHECKSUM                  
000010f7  TLV_DCO_30_LEN                
000010f6  TLV_DCO_30_TAG                
0000005d  UCA0ABCTL                     
00000062  UCA0BR0                       
00000063  UCA0BR1                       
00000060  UCA0CTL0                      
00000061  UCA0CTL1                      
0000005f  UCA0IRRCTL                    
0000005e  UCA0IRTCTL                    
00000064  UCA0MCTL                      
00000066  UCA0RXBUF                     
00000065  UCA0STAT                      
00000067  UCA0TXBUF                     
0000006a  UCB0BR0                       
0000006b  UCB0BR1                       
00000068  UCB0CTL0                      
00000069  UCB0CTL1                      
0000006c  UCB0I2CIE                     
00000118  UCB0I2COA                     
0000011a  UCB0I2CSA                     
0000006e  UCB0RXBUF                     
0000006d  UCB0STAT                      
0000006f  UCB0TXBUF                     
0000021c  Val                           
00000120  WDTCTL                        
00000400  __STACK_END                   
00000050  __STACK_SIZE                  
0000e818  __TI_CINIT_Base               
0000e820  __TI_CINIT_Limit              
0000e80e  __TI_Handler_Table_Base       
0000e814  __TI_Handler_Table_Limit      
0000e7a2  __TI_ISR_TRAP                 
0000e484  __TI_auto_init_nobinit_nopinit
0000e056  __TI_decompress_lzss          
0000e732  __TI_decompress_none          
0000d04e  __TI_frcaddd                  
0000c8e2  __TI_frcmpyd                  
0000ffe0  __TI_int00                    
0000ffe4  __TI_int02                    
0000ffe6  __TI_int03                    
0000ffea  __TI_int05                    
0000ffec  __TI_int06                    
0000ffee  __TI_int07                    
0000fff0  __TI_int08                    
0000fff2  __TI_int09                    
0000fff4  __TI_int10                    
0000fff6  __TI_int11                    
0000fff8  __TI_int12                    
0000fffa  __TI_int13                    
0000fffc  __TI_int14                    
ffffffff  __TI_pprof_out_hndl           
ffffffff  __TI_prof_data_size           
ffffffff  __TI_prof_data_start          
0000df0c  __TI_renormd                  
0000e71e  __TI_zero_init_nomemset       
ffffffff  __c_args__                    
0000c360  __mspabi_addd                 
0000d5ea  __mspabi_addf                 
0000dd6c  __mspabi_cmpd                 
0000e3b0  __mspabi_cmpf                 
0000dfca  __mspabi_cvtdf                
0000e0d2  __mspabi_cvtfd                
0000d49c  __mspabi_divlli               
0000c000  __mspabi_divull               
0000e1ae  __mspabi_fixfi                
0000e688  __mspabi_fltuf                
0000e794  __mspabi_func_epilog_1        
0000e792  __mspabi_func_epilog_2        
0000e790  __mspabi_func_epilog_3        
0000e78e  __mspabi_func_epilog_4        
0000e78c  __mspabi_func_epilog_5        
0000e78a  __mspabi_func_epilog_6        
0000e788  __mspabi_func_epilog_7        
0000cde0  __mspabi_mpyd                 
0000de48  __mspabi_mpyf                 
0000e662  __mspabi_mpyl                 
0000e662  __mspabi_mpyl_sw              
0000d960  __mspabi_mpyll                
0000d960  __mspabi_mpyll_sw             
0000e6ac  __mspabi_mpyul                
0000e6ac  __mspabi_mpyul_sw             
0000e216  __mspabi_remlli               
0000e636  __mspabi_slli                 
0000e65e  __mspabi_slli_1               
0000e64c  __mspabi_slli_10              
0000e64a  __mspabi_slli_11              
0000e648  __mspabi_slli_12              
0000e646  __mspabi_slli_13              
0000e644  __mspabi_slli_14              
0000e642  __mspabi_slli_15              
0000e65c  __mspabi_slli_2               
0000e65a  __mspabi_slli_3               
0000e658  __mspabi_slli_4               
0000e656  __mspabi_slli_5               
0000e654  __mspabi_slli_6               
0000e652  __mspabi_slli_7               
0000e650  __mspabi_slli_8               
0000e64e  __mspabi_slli_9               
0000e778  __mspabi_slll                 
0000e53c  __mspabi_slll_1               
0000e518  __mspabi_slll_10              
0000e514  __mspabi_slll_11              
0000e510  __mspabi_slll_12              
0000e50c  __mspabi_slll_13              
0000e508  __mspabi_slll_14              
0000e504  __mspabi_slll_15              
0000e538  __mspabi_slll_2               
0000e534  __mspabi_slll_3               
0000e530  __mspabi_slll_4               
0000e52c  __mspabi_slll_5               
0000e528  __mspabi_slll_6               
0000e524  __mspabi_slll_7               
0000e520  __mspabi_slll_8               
0000e51c  __mspabi_slll_9               
0000e440  __mspabi_sllll                
0000e60a  __mspabi_srai                 
0000e632  __mspabi_srai_1               
0000e620  __mspabi_srai_10              
0000e61e  __mspabi_srai_11              
0000e61c  __mspabi_srai_12              
0000e61a  __mspabi_srai_13              
0000e618  __mspabi_srai_14              
0000e616  __mspabi_srai_15              
0000e630  __mspabi_srai_2               
0000e62e  __mspabi_srai_3               
0000e62c  __mspabi_srai_4               
0000e62a  __mspabi_srai_5               
0000e628  __mspabi_srai_6               
0000e626  __mspabi_srai_7               
0000e624  __mspabi_srai_8               
0000e622  __mspabi_srai_9               
0000e768  __mspabi_sral                 
0000e4fe  __mspabi_sral_1               
0000e4da  __mspabi_sral_10              
0000e4d6  __mspabi_sral_11              
0000e4d2  __mspabi_sral_12              
0000e4ce  __mspabi_sral_13              
0000e4ca  __mspabi_sral_14              
0000e4c6  __mspabi_sral_15              
0000e4fa  __mspabi_sral_2               
0000e4f6  __mspabi_sral_3               
0000e4f2  __mspabi_sral_4               
0000e4ee  __mspabi_sral_5               
0000e4ea  __mspabi_sral_6               
0000e4e6  __mspabi_sral_7               
0000e4e2  __mspabi_sral_8               
0000e4de  __mspabi_sral_9               
0000e366  __mspabi_srall                
0000e31a  __mspabi_srli                 
0000e360  __mspabi_srli_1               
0000e33c  __mspabi_srli_10              
0000e338  __mspabi_srli_11              
0000e334  __mspabi_srli_12              
0000e330  __mspabi_srli_13              
0000e32c  __mspabi_srli_14              
0000e328  __mspabi_srli_15              
0000e35c  __mspabi_srli_2               
0000e358  __mspabi_srli_3               
0000e354  __mspabi_srli_4               
0000e350  __mspabi_srli_5               
0000e34c  __mspabi_srli_6               
0000e348  __mspabi_srli_7               
0000e344  __mspabi_srli_8               
0000e340  __mspabi_srli_9               
0000e744  __mspabi_srll                 
0000e2c6  __mspabi_srll_1               
0000e290  __mspabi_srll_10              
0000e28a  __mspabi_srll_11              
0000e284  __mspabi_srll_12              
0000e27e  __mspabi_srll_13              
0000e278  __mspabi_srll_14              
0000e272  __mspabi_srll_15              
0000e2c0  __mspabi_srll_2               
0000e2ba  __mspabi_srll_3               
0000e2b4  __mspabi_srll_4               
0000e2ae  __mspabi_srll_5               
0000e2a8  __mspabi_srll_6               
0000e2a2  __mspabi_srll_7               
0000e29c  __mspabi_srll_8               
0000e296  __mspabi_srll_9               
0000e3fa  __mspabi_srlll                
0000e5b0  __mspabi_subd                 
0000d5e4  __mspabi_subf                 
0000e6ec  _c_int00_noargs               
0000fffe  _reset_vector                 
000003b0  _stack                        
0000e7b4  _system_post_cinit            
0000e7b0  _system_pre_init              
0000e7aa  abort                         
00000216  centecimas                    
00000212  centenas                      
00000220  columna                       
00000221  columna1                      
00000222  columna2                      
00000224  columna3                      
00000223  columna4                      
00000226  columna5                      
00000225  columna6                      
0000021a  cont                          
0000020e  decenas                       
00000214  decimas                       
0000020a  display                       
00000227  fila                          
0000e708  llabs                         
0000dc84  main                          
0000e756  memcpy                        
00000218  milesimas                     
00000210  millar                        
00000206  min                           
00000208  minutos                       
00000200  num                           
00000202  seg                           
00000204  segundos                      
0000e7b6  signos                        
0000020c  unidades                      
00000228  val1                          


GLOBAL SYMBOLS: SORTED BY Symbol Address 

address   name                          
-------   ----                          
00000000  IE1                           
00000001  IE2                           
00000002  IFG1                          
00000003  IFG2                          
00000010  P3REN                         
00000018  P3IN                          
00000019  P3OUT                         
0000001a  P3DIR                         
0000001b  P3SEL                         
00000020  P1IN                          
00000021  P1OUT                         
00000022  P1DIR                         
00000023  P1IFG                         
00000024  P1IES                         
00000025  P1IE                          
00000026  P1SEL                         
00000027  P1REN                         
00000028  P2IN                          
00000029  P2OUT                         
0000002a  P2DIR                         
0000002b  P2IFG                         
0000002c  P2IES                         
0000002d  P2IE                          
0000002e  P2SEL                         
0000002f  P2REN                         
00000041  P1SEL2                        
00000042  P2SEL2                        
00000043  P3SEL2                        
00000048  ADC10DTC0                     
00000049  ADC10DTC1                     
0000004a  ADC10AE0                      
00000050  __STACK_SIZE                  
00000053  BCSCTL3                       
00000056  DCOCTL                        
00000057  BCSCTL1                       
00000058  BCSCTL2                       
00000059  CACTL1                        
0000005a  CACTL2                        
0000005b  CAPD                          
0000005d  UCA0ABCTL                     
0000005e  UCA0IRTCTL                    
0000005f  UCA0IRRCTL                    
00000060  UCA0CTL0                      
00000061  UCA0CTL1                      
00000062  UCA0BR0                       
00000063  UCA0BR1                       
00000064  UCA0MCTL                      
00000065  UCA0STAT                      
00000066  UCA0RXBUF                     
00000067  UCA0TXBUF                     
00000068  UCB0CTL0                      
00000069  UCB0CTL1                      
0000006a  UCB0BR0                       
0000006b  UCB0BR1                       
0000006c  UCB0I2CIE                     
0000006d  UCB0STAT                      
0000006e  UCB0RXBUF                     
0000006f  UCB0TXBUF                     
00000118  UCB0I2COA                     
0000011a  UCB0I2CSA                     
0000011e  TA1IV                         
00000120  WDTCTL                        
00000128  FCTL1                         
0000012a  FCTL2                         
0000012c  FCTL3                         
0000012e  TA0IV                         
00000160  TA0CTL                        
00000162  TA0CCTL0                      
00000164  TA0CCTL1                      
00000166  TA0CCTL2                      
00000170  TA0R                          
00000172  TA0CCR0                       
00000174  TA0CCR1                       
00000176  TA0CCR2                       
00000180  TA1CTL                        
00000182  TA1CCTL0                      
00000184  TA1CCTL1                      
00000186  TA1CCTL2                      
00000190  TA1R                          
00000192  TA1CCR0                       
00000194  TA1CCR1                       
00000196  TA1CCR2                       
000001b0  ADC10CTL0                     
000001b2  ADC10CTL1                     
000001b4  ADC10MEM                      
000001bc  ADC10SA                       
00000200  num                           
00000202  seg                           
00000204  segundos                      
00000206  min                           
00000208  minutos                       
0000020a  display                       
0000020c  unidades                      
0000020e  decenas                       
00000210  millar                        
00000212  centenas                      
00000214  decimas                       
00000216  centecimas                    
00000218  milesimas                     
0000021a  cont                          
0000021c  Val                           
00000220  columna                       
00000221  columna1                      
00000222  columna2                      
00000223  columna4                      
00000224  columna3                      
00000225  columna6                      
00000226  columna5                      
00000227  fila                          
00000228  val1                          
000003b0  _stack                        
00000400  __STACK_END                   
000010c0  TLV_CHECKSUM                  
000010da  TLV_ADC10_1_TAG               
000010db  TLV_ADC10_1_LEN               
000010f6  TLV_DCO_30_TAG                
000010f7  TLV_DCO_30_LEN                
000010f8  CALDCO_16MHZ                  
000010f9  CALBC1_16MHZ                  
000010fa  CALDCO_12MHZ                  
000010fb  CALBC1_12MHZ                  
000010fc  CALDCO_8MHZ                   
000010fd  CALBC1_8MHZ                   
000010fe  CALDCO_1MHZ                   
000010ff  CALBC1_1MHZ                   
0000c000  __mspabi_divull               
0000c360  __mspabi_addd                 
0000c65a  LCD1602_Printf                
0000c8e2  __TI_frcmpyd                  
0000cb68  Numeros                       
0000cde0  __mspabi_mpyd                 
0000d04e  __TI_frcaddd                  
0000d2ae  Conf_LCD1602                  
0000d49c  __mspabi_divlli               
0000d5e4  __mspabi_subf                 
0000d5ea  __mspabi_addf                 
0000d716  LCD1602_Print                 
0000d846  Conv_Entero                   
0000d960  __mspabi_mpyll                
0000d960  __mspabi_mpyll_sw             
0000da74  LCD1602_Com                   
0000db7c  LCD1602_Dato                  
0000dc84  main                          
0000dd6c  __mspabi_cmpd                 
0000de48  __mspabi_mpyf                 
0000df0c  __TI_renormd                  
0000dfca  __mspabi_cvtdf                
0000e056  __TI_decompress_lzss          
0000e0d2  __mspabi_cvtfd                
0000e144  LCD1602_Char                  
0000e1ae  __mspabi_fixfi                
0000e216  __mspabi_remlli               
0000e272  __mspabi_srll_15              
0000e278  __mspabi_srll_14              
0000e27e  __mspabi_srll_13              
0000e284  __mspabi_srll_12              
0000e28a  __mspabi_srll_11              
0000e290  __mspabi_srll_10              
0000e296  __mspabi_srll_9               
0000e29c  __mspabi_srll_8               
0000e2a2  __mspabi_srll_7               
0000e2a8  __mspabi_srll_6               
0000e2ae  __mspabi_srll_5               
0000e2b4  __mspabi_srll_4               
0000e2ba  __mspabi_srll_3               
0000e2c0  __mspabi_srll_2               
0000e2c6  __mspabi_srll_1               
0000e2ce  LCD1602_Cadena                
0000e31a  __mspabi_srli                 
0000e328  __mspabi_srli_15              
0000e32c  __mspabi_srli_14              
0000e330  __mspabi_srli_13              
0000e334  __mspabi_srli_12              
0000e338  __mspabi_srli_11              
0000e33c  __mspabi_srli_10              
0000e340  __mspabi_srli_9               
0000e344  __mspabi_srli_8               
0000e348  __mspabi_srli_7               
0000e34c  __mspabi_srli_6               
0000e350  __mspabi_srli_5               
0000e354  __mspabi_srli_4               
0000e358  __mspabi_srli_3               
0000e35c  __mspabi_srli_2               
0000e360  __mspabi_srli_1               
0000e366  __mspabi_srall                
0000e3b0  __mspabi_cmpf                 
0000e3fa  __mspabi_srlll                
0000e440  __mspabi_sllll                
0000e484  __TI_auto_init_nobinit_nopinit
0000e4c6  __mspabi_sral_15              
0000e4ca  __mspabi_sral_14              
0000e4ce  __mspabi_sral_13              
0000e4d2  __mspabi_sral_12              
0000e4d6  __mspabi_sral_11              
0000e4da  __mspabi_sral_10              
0000e4de  __mspabi_sral_9               
0000e4e2  __mspabi_sral_8               
0000e4e6  __mspabi_sral_7               
0000e4ea  __mspabi_sral_6               
0000e4ee  __mspabi_sral_5               
0000e4f2  __mspabi_sral_4               
0000e4f6  __mspabi_sral_3               
0000e4fa  __mspabi_sral_2               
0000e4fe  __mspabi_sral_1               
0000e504  __mspabi_slll_15              
0000e508  __mspabi_slll_14              
0000e50c  __mspabi_slll_13              
0000e510  __mspabi_slll_12              
0000e514  __mspabi_slll_11              
0000e518  __mspabi_slll_10              
0000e51c  __mspabi_slll_9               
0000e520  __mspabi_slll_8               
0000e524  __mspabi_slll_7               
0000e528  __mspabi_slll_6               
0000e52c  __mspabi_slll_5               
0000e530  __mspabi_slll_4               
0000e534  __mspabi_slll_3               
0000e538  __mspabi_slll_2               
0000e53c  __mspabi_slll_1               
0000e542  LCD1602_GC                    
0000e57a  Conf_Reloj                    
0000e5b0  __mspabi_subd                 
0000e5de  ADC10_ISR                     
0000e60a  __mspabi_srai                 
0000e616  __mspabi_srai_15              
0000e618  __mspabi_srai_14              
0000e61a  __mspabi_srai_13              
0000e61c  __mspabi_srai_12              
0000e61e  __mspabi_srai_11              
0000e620  __mspabi_srai_10              
0000e622  __mspabi_srai_9               
0000e624  __mspabi_srai_8               
0000e626  __mspabi_srai_7               
0000e628  __mspabi_srai_6               
0000e62a  __mspabi_srai_5               
0000e62c  __mspabi_srai_4               
0000e62e  __mspabi_srai_3               
0000e630  __mspabi_srai_2               
0000e632  __mspabi_srai_1               
0000e636  __mspabi_slli                 
0000e642  __mspabi_slli_15              
0000e644  __mspabi_slli_14              
0000e646  __mspabi_slli_13              
0000e648  __mspabi_slli_12              
0000e64a  __mspabi_slli_11              
0000e64c  __mspabi_slli_10              
0000e64e  __mspabi_slli_9               
0000e650  __mspabi_slli_8               
0000e652  __mspabi_slli_7               
0000e654  __mspabi_slli_6               
0000e656  __mspabi_slli_5               
0000e658  __mspabi_slli_4               
0000e65a  __mspabi_slli_3               
0000e65c  __mspabi_slli_2               
0000e65e  __mspabi_slli_1               
0000e662  __mspabi_mpyl                 
0000e662  __mspabi_mpyl_sw              
0000e688  __mspabi_fltuf                
0000e6ac  __mspabi_mpyul                
0000e6ac  __mspabi_mpyul_sw             
0000e6ce  LCD1602_Pos                   
0000e6ec  _c_int00_noargs               
0000e708  llabs                         
0000e71e  __TI_zero_init_nomemset       
0000e732  __TI_decompress_none          
0000e744  __mspabi_srll                 
0000e756  memcpy                        
0000e768  __mspabi_sral                 
0000e778  __mspabi_slll                 
0000e788  __mspabi_func_epilog_7        
0000e78a  __mspabi_func_epilog_6        
0000e78c  __mspabi_func_epilog_5        
0000e78e  __mspabi_func_epilog_4        
0000e790  __mspabi_func_epilog_3        
0000e792  __mspabi_func_epilog_2        
0000e794  __mspabi_func_epilog_1        
0000e798  LCD1602_E                     
0000e7a2  __TI_ISR_TRAP                 
0000e7aa  C$$EXIT                       
0000e7aa  abort                         
0000e7b0  _system_pre_init              
0000e7b4  _system_post_cinit            
0000e7b6  signos                        
0000e80e  __TI_Handler_Table_Base       
0000e814  __TI_Handler_Table_Limit      
0000e818  __TI_CINIT_Base               
0000e820  __TI_CINIT_Limit              
0000ffe0  __TI_int00                    
0000ffe4  __TI_int02                    
0000ffe6  __TI_int03                    
0000ffea  __TI_int05                    
0000ffec  __TI_int06                    
0000ffee  __TI_int07                    
0000fff0  __TI_int08                    
0000fff2  __TI_int09                    
0000fff4  __TI_int10                    
0000fff6  __TI_int11                    
0000fff8  __TI_int12                    
0000fffa  __TI_int13                    
0000fffc  __TI_int14                    
0000fffe  _reset_vector                 
ffffffff  __TI_pprof_out_hndl           
ffffffff  __TI_prof_data_size           
ffffffff  __TI_prof_data_start          
ffffffff  __c_args__                    

[305 symbols]
