******************************************************************************
                  MSP430 Linker PC v18.1.3                     
******************************************************************************
>> Linked Tue Jan 15 16:10:27 2019

OUTPUT FILE NAME:   <Trms.out>
ENTRY POINT SYMBOL: "_c_int00_noargs"  address: 0000ea44


MEMORY CONFIGURATION

         name            origin    length      used     unused   attr    fill
----------------------  --------  ---------  --------  --------  ----  --------
  SFR                   00000000   00000010  00000000  00000010  RWIX
  PERIPHERALS_8BIT      00000010   000000f0  00000000  000000f0  RWIX
  PERIPHERALS_16BIT     00000100   00000100  00000000  00000100  RWIX
  RAM                   00000200   00000200  0000007a  00000186  RWIX
  INFOD                 00001000   00000040  00000000  00000040  RWIX
  INFOC                 00001040   00000040  00000000  00000040  RWIX
  INFOB                 00001080   00000040  00000000  00000040  RWIX
  INFOA                 000010c0   00000040  00000000  00000040  RWIX
  FLASH                 0000c000   00003fde  00002b5c  00001482  RWIX
  BSLSIGNATURE          0000ffde   00000002  00000002  00000000  RWIX  ffff 
  INT00                 0000ffe0   00000002  00000002  00000000  RWIX
  INT01                 0000ffe2   00000002  00000000  00000002  RWIX
  INT02                 0000ffe4   00000002  00000002  00000000  RWIX
  INT03                 0000ffe6   00000002  00000002  00000000  RWIX
  INT04                 0000ffe8   00000002  00000000  00000002  RWIX
  INT05                 0000ffea   00000002  00000002  00000000  RWIX
  INT06                 0000ffec   00000002  00000002  00000000  RWIX
  INT07                 0000ffee   00000002  00000002  00000000  RWIX
  INT08                 0000fff0   00000002  00000002  00000000  RWIX
  INT09                 0000fff2   00000002  00000002  00000000  RWIX
  INT10                 0000fff4   00000002  00000002  00000000  RWIX
  INT11                 0000fff6   00000002  00000002  00000000  RWIX
  INT12                 0000fff8   00000002  00000002  00000000  RWIX
  INT13                 0000fffa   00000002  00000002  00000000  RWIX
  INT14                 0000fffc   00000002  00000002  00000000  RWIX
  RESET                 0000fffe   00000002  00000002  00000000  RWIX


SECTION ALLOCATION MAP

 output                                  attributes/
section   page    origin      length       input sections
--------  ----  ----------  ----------   ----------------
.data      0    00000200    0000002a     UNINITIALIZED
                  00000200    00000028     main.obj (.data)
                  00000228    00000002     rts430_eabi.lib : errno.c.obj (.data)

.stack     0    000003b0    00000050     UNINITIALIZED
                  000003b0    00000002     rts430_eabi.lib : boot.c.obj (.stack)
                  000003b2    0000004e     --HOLE--

.text      0    0000c000    00002afa     
                  0000c000    000003ae     main.obj (.text:Numeros)
                  0000c3ae    00000360     rts430_eabi.lib : div64u.c.obj (.text:__mspabi_divull)
                  0000c70e    000002fa                     : addd.c.obj (.text:__mspabi_addd)
                  0000ca08    000002f8                     : e_sqrt.c.obj (.text:sqrt)
                  0000cd00    00000288     main.obj (.text:LCD1602_Printf)
                  0000cf88    00000286     rts430_eabi.lib : frcmpyd.c.obj (.text:__TI_frcmpyd)
                  0000d20e    0000026e                     : mpyd.c.obj (.text:__mspabi_mpyd)
                  0000d47c    00000260                     : frcaddd.c.obj (.text:__TI_frcaddd)
                  0000d6dc    000001ee     main.obj (.text:Conf_LCD1602)
                  0000d8ca    00000148     rts430_eabi.lib : div64s.c.obj (.text:__mspabi_divlli)
                  0000da12    00000132                     : fs_add.asm.obj (.text)
                  0000db44    00000130     main.obj (.text:LCD1602_Print)
                  0000dc74    0000011a     main.obj (.text:Conv_Entero)
                  0000dd8e    00000114     rts430_eabi.lib : mult64.asm.obj (.text:__mpyll)
                  0000dea2    00000108     main.obj (.text:LCD1602_Com)
                  0000dfaa    00000108     main.obj (.text:LCD1602_Dato)
                  0000e0b2    000000c4     rts430_eabi.lib : fs_mpy.asm.obj (.text)
                  0000e176    000000be                     : renormd.c.obj (.text:__TI_renormd)
                  0000e234    0000009c                     : fs_div.asm.obj (.text)
                  0000e2d0    0000008c                     : cvtdf.c.obj (.text:__mspabi_cvtdf)
                  0000e35c    0000007c                     : copy_decompress_lzss.c.obj (.text:decompress:lzss:__TI_decompress_lzss)
                  0000e3d8    00000072                     : cvtfd.c.obj (.text:__mspabi_cvtfd)
                  0000e44a    0000006a     main.obj (.text:LCD1602_Char)
                  0000e4b4    00000068     rts430_eabi.lib : fs_toi.asm.obj (.text)
                  0000e51c    0000005c                     : rem64s.c.obj (.text:__mspabi_remlli)
                  0000e578    0000005c                     : lsr32.asm.obj (.text:l_lsr_const)
                  0000e5d4    0000004c     main.obj (.text:LCD1602_Cadena)
                  0000e620    0000004c     rts430_eabi.lib : lsr16.asm.obj (.text)
                  0000e66c    0000004a                     : asr64.c.obj (.text:__mspabi_srall)
                  0000e6b6    0000004a     main.obj (.text:main)
                  0000e700    0000004a     rts430_eabi.lib : fs_cmp.asm.obj (.text)
                  0000e74a    00000046                     : lsr64.c.obj (.text:__mspabi_srlll)
                  0000e790    00000044                     : lsl64.c.obj (.text:__mspabi_sllll)
                  0000e7d4    00000042                     : autoinit.c.obj (.text:__TI_auto_init_nobinit_nopinit:__TI_auto_init_nobinit_nopinit)
                  0000e816    0000003e                     : asr32.asm.obj (.text:l_asr_const)
                  0000e854    0000003e                     : lsl32.asm.obj (.text:l_lsl_const)
                  0000e892    00000038     main.obj (.text:LCD1602_GC)
                  0000e8ca    00000036     main.obj (.text:Conf_Reloj)
                  0000e900    00000036     rts430_eabi.lib : fs_itof.asm.obj (.text)
                  0000e936    0000002c     main.obj (.text:ADC10_ISR)
                  0000e962    0000002c     rts430_eabi.lib : asr16.asm.obj (.text)
                  0000e98e    0000002c                     : lsl16.asm.obj (.text)
                  0000e9ba    00000026                     : mult32.asm.obj (.text)
                  0000e9e0    00000024                     : fs_utof.asm.obj (.text)
                  0000ea04    00000022                     : mult1632.asm.obj (.text:__mpyul)
                  0000ea26    0000001e     main.obj (.text:LCD1602_Pos)
                  0000ea44    0000001c     rts430_eabi.lib : boot.c.obj (.text:_c_int00_noargs)
                  0000ea60    00000016                     : llabs.c.obj (.text:llabs)
                  0000ea76    00000012                     : copy_decompress_none.c.obj (.text:decompress:none:__TI_decompress_none)
                  0000ea88    00000012                     : lsr32.asm.obj (.text:l_lsr)
                  0000ea9a    00000012                     : memcpy.c.obj (.text:memcpy)
                  0000eaac    00000010                     : asr32.asm.obj (.text:l_asr)
                  0000eabc    00000010                     : lsl32.asm.obj (.text:l_lsl)
                  0000eacc    00000010                     : epilog.asm.obj (.text)
                  0000eadc    0000000a     main.obj (.text:LCD1602_E)
                  0000eae6    00000008     rts430_eabi.lib : isr_trap.asm.obj (.text:_isr:__TI_ISR_TRAP)
                  0000eaee    00000006                     : exit.c.obj (.text:abort)
                  0000eaf4    00000004                     : pre_init.c.obj (.text:_system_pre_init)
                  0000eaf8    00000002                     : startup.c.obj (.text:_system_post_cinit)

.const     0    0000eafa    00000048     
                  0000eafa    00000040     main.obj (.const:signos)
                  0000eb3a    00000008     main.obj (.const:.string)

.cinit     0    0000eb42    0000001a     
                  0000eb42    00000011     (.cinit..data.load) [load image, compression = lzss]
                  0000eb53    00000001     --HOLE-- [fill = 0]
                  0000eb54    00000004     (__TI_handler_table)
                  0000eb58    00000004     (__TI_cinit_table)

.binit     0    0000c000    00000000     

.init_array 
*          0    0000c000    00000000     UNINITIALIZED

TRAPINT    0    0000ffe0    00000002     
                  0000ffe0    00000002     rts430_eabi.lib : int00.asm.obj (.int00)

PORT1      0    0000ffe4    00000002     
                  0000ffe4    00000002     rts430_eabi.lib : int02.asm.obj (.int02)

PORT2      0    0000ffe6    00000002     
                  0000ffe6    00000002     rts430_eabi.lib : int03.asm.obj (.int03)

ADC10      0    0000ffea    00000002     
                  0000ffea    00000002     main.obj (.int05)

USCIAB0TX 
*          0    0000ffec    00000002     
                  0000ffec    00000002     rts430_eabi.lib : int06.asm.obj (.int06)

USCIAB0RX 
*          0    0000ffee    00000002     
                  0000ffee    00000002     rts430_eabi.lib : int07.asm.obj (.int07)

TIMER0_A1 
*          0    0000fff0    00000002     
                  0000fff0    00000002     rts430_eabi.lib : int08.asm.obj (.int08)

TIMER0_A0 
*          0    0000fff2    00000002     
                  0000fff2    00000002     rts430_eabi.lib : int09.asm.obj (.int09)

WDT        0    0000fff4    00000002     
                  0000fff4    00000002     rts430_eabi.lib : int10.asm.obj (.int10)

COMPARATORA 
*          0    0000fff6    00000002     
                  0000fff6    00000002     rts430_eabi.lib : int11.asm.obj (.int11)

TIMER1_A1 
*          0    0000fff8    00000002     
                  0000fff8    00000002     rts430_eabi.lib : int12.asm.obj (.int12)

TIMER1_A0 
*          0    0000fffa    00000002     
                  0000fffa    00000002     rts430_eabi.lib : int13.asm.obj (.int13)

NMI        0    0000fffc    00000002     
                  0000fffc    00000002     rts430_eabi.lib : int14.asm.obj (.int14)

.reset     0    0000fffe    00000002     
                  0000fffe    00000002     rts430_eabi.lib : boot.c.obj (.reset)

$fill000   0    0000ffde    00000002     
                  0000ffde    00000002     --HOLE-- [fill = ffff]

MODULE SUMMARY

       Module                       code    ro data   rw data
       ------                       ----    -------   -------
    .\
       main.obj                     3648    74        40     
    +--+----------------------------+-------+---------+---------+
       Total:                       3648    74        40     
                                                             
    C:\ti\ccsv8\tools\compiler\ti-cgt-msp430_18.1.3.LTS\lib\rts430_eabi.lib
       div64u.c.obj                 864     0         0      
       addd.c.obj                   762     0         0      
       e_sqrt.c.obj                 760     0         0      
       frcmpyd.c.obj                646     0         0      
       mpyd.c.obj                   622     0         0      
       frcaddd.c.obj                608     0         0      
       div64s.c.obj                 328     0         0      
       fs_add.asm.obj               306     0         0      
       mult64.asm.obj               276     0         0      
       fs_mpy.asm.obj               196     0         0      
       renormd.c.obj                190     0         0      
       fs_div.asm.obj               156     0         0      
       cvtdf.c.obj                  140     0         0      
       copy_decompress_lzss.c.obj   124     0         0      
       cvtfd.c.obj                  114     0         0      
       lsr32.asm.obj                110     0         0      
       fs_toi.asm.obj               104     0         0      
       rem64s.c.obj                 92      0         0      
       asr32.asm.obj                78      0         0      
       lsl32.asm.obj                78      0         0      
       lsr16.asm.obj                76      0         0      
       asr64.c.obj                  74      0         0      
       fs_cmp.asm.obj               74      0         0      
       lsr64.c.obj                  70      0         0      
       lsl64.c.obj                  68      0         0      
       autoinit.c.obj               66      0         0      
       fs_itof.asm.obj              54      0         0      
       asr16.asm.obj                44      0         0      
       lsl16.asm.obj                44      0         0      
       mult32.asm.obj               38      0         0      
       fs_utof.asm.obj              36      0         0      
       mult1632.asm.obj             34      0         0      
       boot.c.obj                   28      2         0      
       llabs.c.obj                  22      0         0      
       copy_decompress_none.c.obj   18      0         0      
       memcpy.c.obj                 18      0         0      
       epilog.asm.obj               16      0         0      
       isr_trap.asm.obj             8       0         0      
       exit.c.obj                   6       0         0      
       pre_init.c.obj               4       0         0      
       errno.c.obj                  0       0         2      
       int00.asm.obj                0       2         0      
       int02.asm.obj                0       2         0      
       int03.asm.obj                0       2         0      
       int06.asm.obj                0       2         0      
       int07.asm.obj                0       2         0      
       int08.asm.obj                0       2         0      
       int09.asm.obj                0       2         0      
       int10.asm.obj                0       2         0      
       int11.asm.obj                0       2         0      
       int12.asm.obj                0       2         0      
       int13.asm.obj                0       2         0      
       int14.asm.obj                0       2         0      
       startup.c.obj                2       0         0      
    +--+----------------------------+-------+---------+---------+
       Total:                       7354    26        2      
                                                             
       Stack:                       0       0         80     
       Linker Generated:            0       25        0      
    +--+----------------------------+-------+---------+---------+
       Grand Total:                 11002   125       122    


LINKER GENERATED COPY TABLES

__TI_cinit_table @ 0000eb58 records: 1, size/record: 4, table size: 4
	.data: load addr=0000eb42, load size=00000011 bytes, run addr=00000200, run size=0000002a bytes, compression=lzss


LINKER GENERATED HANDLER TABLE

__TI_handler_table @ 0000eb54 records: 2, size/record: 2, table size: 4
	index: 0, handler: __TI_decompress_lzss
	index: 1, handler: __TI_decompress_none


GLOBAL SYMBOLS: SORTED ALPHABETICALLY BY Name 

address   name                          
-------   ----                          
0000004a  ADC10AE0                      
000001b0  ADC10CTL0                     
000001b2  ADC10CTL1                     
00000048  ADC10DTC0                     
00000049  ADC10DTC1                     
000001b4  ADC10MEM                      
000001bc  ADC10SA                       
0000e936  ADC10_ISR                     
00000057  BCSCTL1                       
00000058  BCSCTL2                       
00000053  BCSCTL3                       
0000eaee  C$$EXIT                       
00000059  CACTL1                        
0000005a  CACTL2                        
000010fb  CALBC1_12MHZ                  
000010f9  CALBC1_16MHZ                  
000010ff  CALBC1_1MHZ                   
000010fd  CALBC1_8MHZ                   
000010fa  CALDCO_12MHZ                  
000010f8  CALDCO_16MHZ                  
000010fe  CALDCO_1MHZ                   
000010fc  CALDCO_8MHZ                   
0000005b  CAPD                          
0000d6dc  Conf_LCD1602                  
0000e8ca  Conf_Reloj                    
0000dc74  Conv_Entero                   
00000056  DCOCTL                        
00000128  FCTL1                         
0000012a  FCTL2                         
0000012c  FCTL3                         
00000000  IE1                           
00000001  IE2                           
00000002  IFG1                          
00000003  IFG2                          
0000e5d4  LCD1602_Cadena                
0000e44a  LCD1602_Char                  
0000dea2  LCD1602_Com                   
0000dfaa  LCD1602_Dato                  
0000eadc  LCD1602_E                     
0000e892  LCD1602_GC                    
0000ea26  LCD1602_Pos                   
0000db44  LCD1602_Print                 
0000cd00  LCD1602_Printf                
0000c000  Numeros                       
00000022  P1DIR                         
00000025  P1IE                          
00000024  P1IES                         
00000023  P1IFG                         
00000020  P1IN                          
00000021  P1OUT                         
00000027  P1REN                         
00000026  P1SEL                         
00000041  P1SEL2                        
0000002a  P2DIR                         
0000002d  P2IE                          
0000002c  P2IES                         
0000002b  P2IFG                         
00000028  P2IN                          
00000029  P2OUT                         
0000002f  P2REN                         
0000002e  P2SEL                         
00000042  P2SEL2                        
0000001a  P3DIR                         
00000018  P3IN                          
00000019  P3OUT                         
00000010  P3REN                         
0000001b  P3SEL                         
00000043  P3SEL2                        
00000172  TA0CCR0                       
00000174  TA0CCR1                       
00000176  TA0CCR2                       
00000162  TA0CCTL0                      
00000164  TA0CCTL1                      
00000166  TA0CCTL2                      
00000160  TA0CTL                        
0000012e  TA0IV                         
00000170  TA0R                          
00000192  TA1CCR0                       
00000194  TA1CCR1                       
00000196  TA1CCR2                       
00000182  TA1CCTL0                      
00000184  TA1CCTL1                      
00000186  TA1CCTL2                      
00000180  TA1CTL                        
0000011e  TA1IV                         
00000190  TA1R                          
000010db  TLV_ADC10_1_LEN               
000010da  TLV_ADC10_1_TAG               
000010c0  TLV_CHECKSUM                  
000010f7  TLV_DCO_30_LEN                
000010f6  TLV_DCO_30_TAG                
0000005d  UCA0ABCTL                     
00000062  UCA0BR0                       
00000063  UCA0BR1                       
00000060  UCA0CTL0                      
00000061  UCA0CTL1                      
0000005f  UCA0IRRCTL                    
0000005e  UCA0IRTCTL                    
00000064  UCA0MCTL                      
00000066  UCA0RXBUF                     
00000065  UCA0STAT                      
00000067  UCA0TXBUF                     
0000006a  UCB0BR0                       
0000006b  UCB0BR1                       
00000068  UCB0CTL0                      
00000069  UCB0CTL1                      
0000006c  UCB0I2CIE                     
00000118  UCB0I2COA                     
0000011a  UCB0I2CSA                     
0000006e  UCB0RXBUF                     
0000006d  UCB0STAT                      
0000006f  UCB0TXBUF                     
00000214  Val                           
00000218  Val1                          
0000021c  Valor                         
00000120  WDTCTL                        
00000400  __STACK_END                   
00000050  __STACK_SIZE                  
0000eb58  __TI_CINIT_Base               
0000eb5c  __TI_CINIT_Limit              
0000eb54  __TI_Handler_Table_Base       
0000eb58  __TI_Handler_Table_Limit      
0000eae6  __TI_ISR_TRAP                 
0000e7d4  __TI_auto_init_nobinit_nopinit
0000e35c  __TI_decompress_lzss          
0000ea76  __TI_decompress_none          
0000d47c  __TI_frcaddd                  
0000cf88  __TI_frcmpyd                  
0000ffe0  __TI_int00                    
0000ffe4  __TI_int02                    
0000ffe6  __TI_int03                    
0000ffea  __TI_int05                    
0000ffec  __TI_int06                    
0000ffee  __TI_int07                    
0000fff0  __TI_int08                    
0000fff2  __TI_int09                    
0000fff4  __TI_int10                    
0000fff6  __TI_int11                    
0000fff8  __TI_int12                    
0000fffa  __TI_int13                    
0000fffc  __TI_int14                    
ffffffff  __TI_pprof_out_hndl           
ffffffff  __TI_prof_data_size           
ffffffff  __TI_prof_data_start          
0000e176  __TI_renormd                  
ffffffff  __c_args__                    
0000c70e  __mspabi_addd                 
0000da18  __mspabi_addf                 
0000e700  __mspabi_cmpf                 
0000e2d0  __mspabi_cvtdf                
0000e3d8  __mspabi_cvtfd                
0000e234  __mspabi_divf                 
0000d8ca  __mspabi_divlli               
0000c3ae  __mspabi_divull               
0000e4b4  __mspabi_fixfi                
0000e900  __mspabi_fltif                
0000e9e0  __mspabi_fltuf                
0000ead8  __mspabi_func_epilog_1        
0000ead6  __mspabi_func_epilog_2        
0000ead4  __mspabi_func_epilog_3        
0000ead2  __mspabi_func_epilog_4        
0000ead0  __mspabi_func_epilog_5        
0000eace  __mspabi_func_epilog_6        
0000eacc  __mspabi_func_epilog_7        
0000d20e  __mspabi_mpyd                 
0000e0b2  __mspabi_mpyf                 
0000e9ba  __mspabi_mpyl                 
0000e9ba  __mspabi_mpyl_sw              
0000dd8e  __mspabi_mpyll                
0000dd8e  __mspabi_mpyll_sw             
0000ea04  __mspabi_mpyul                
0000ea04  __mspabi_mpyul_sw             
0000e51c  __mspabi_remlli               
0000e98e  __mspabi_slli                 
0000e9b6  __mspabi_slli_1               
0000e9a4  __mspabi_slli_10              
0000e9a2  __mspabi_slli_11              
0000e9a0  __mspabi_slli_12              
0000e99e  __mspabi_slli_13              
0000e99c  __mspabi_slli_14              
0000e99a  __mspabi_slli_15              
0000e9b4  __mspabi_slli_2               
0000e9b2  __mspabi_slli_3               
0000e9b0  __mspabi_slli_4               
0000e9ae  __mspabi_slli_5               
0000e9ac  __mspabi_slli_6               
0000e9aa  __mspabi_slli_7               
0000e9a8  __mspabi_slli_8               
0000e9a6  __mspabi_slli_9               
0000eabc  __mspabi_slll                 
0000e88c  __mspabi_slll_1               
0000e868  __mspabi_slll_10              
0000e864  __mspabi_slll_11              
0000e860  __mspabi_slll_12              
0000e85c  __mspabi_slll_13              
0000e858  __mspabi_slll_14              
0000e854  __mspabi_slll_15              
0000e888  __mspabi_slll_2               
0000e884  __mspabi_slll_3               
0000e880  __mspabi_slll_4               
0000e87c  __mspabi_slll_5               
0000e878  __mspabi_slll_6               
0000e874  __mspabi_slll_7               
0000e870  __mspabi_slll_8               
0000e86c  __mspabi_slll_9               
0000e790  __mspabi_sllll                
0000e962  __mspabi_srai                 
0000e98a  __mspabi_srai_1               
0000e978  __mspabi_srai_10              
0000e976  __mspabi_srai_11              
0000e974  __mspabi_srai_12              
0000e972  __mspabi_srai_13              
0000e970  __mspabi_srai_14              
0000e96e  __mspabi_srai_15              
0000e988  __mspabi_srai_2               
0000e986  __mspabi_srai_3               
0000e984  __mspabi_srai_4               
0000e982  __mspabi_srai_5               
0000e980  __mspabi_srai_6               
0000e97e  __mspabi_srai_7               
0000e97c  __mspabi_srai_8               
0000e97a  __mspabi_srai_9               
0000eaac  __mspabi_sral                 
0000e84e  __mspabi_sral_1               
0000e82a  __mspabi_sral_10              
0000e826  __mspabi_sral_11              
0000e822  __mspabi_sral_12              
0000e81e  __mspabi_sral_13              
0000e81a  __mspabi_sral_14              
0000e816  __mspabi_sral_15              
0000e84a  __mspabi_sral_2               
0000e846  __mspabi_sral_3               
0000e842  __mspabi_sral_4               
0000e83e  __mspabi_sral_5               
0000e83a  __mspabi_sral_6               
0000e836  __mspabi_sral_7               
0000e832  __mspabi_sral_8               
0000e82e  __mspabi_sral_9               
0000e66c  __mspabi_srall                
0000e620  __mspabi_srli                 
0000e666  __mspabi_srli_1               
0000e642  __mspabi_srli_10              
0000e63e  __mspabi_srli_11              
0000e63a  __mspabi_srli_12              
0000e636  __mspabi_srli_13              
0000e632  __mspabi_srli_14              
0000e62e  __mspabi_srli_15              
0000e662  __mspabi_srli_2               
0000e65e  __mspabi_srli_3               
0000e65a  __mspabi_srli_4               
0000e656  __mspabi_srli_5               
0000e652  __mspabi_srli_6               
0000e64e  __mspabi_srli_7               
0000e64a  __mspabi_srli_8               
0000e646  __mspabi_srli_9               
0000ea88  __mspabi_srll                 
0000e5cc  __mspabi_srll_1               
0000e596  __mspabi_srll_10              
0000e590  __mspabi_srll_11              
0000e58a  __mspabi_srll_12              
0000e584  __mspabi_srll_13              
0000e57e  __mspabi_srll_14              
0000e578  __mspabi_srll_15              
0000e5c6  __mspabi_srll_2               
0000e5c0  __mspabi_srll_3               
0000e5ba  __mspabi_srll_4               
0000e5b4  __mspabi_srll_5               
0000e5ae  __mspabi_srll_6               
0000e5a8  __mspabi_srll_7               
0000e5a2  __mspabi_srll_8               
0000e59c  __mspabi_srll_9               
0000e74a  __mspabi_srlll                
0000da12  __mspabi_subf                 
0000ea44  _c_int00_noargs               
0000fffe  _reset_vector                 
000003b0  _stack                        
0000eaf8  _system_post_cinit            
0000eaf4  _system_pre_init              
0000eaee  abort                         
0000020a  centecimas                    
00000206  centenas                      
00000220  columna                       
00000221  columna1                      
00000222  columna2                      
00000224  columna3                      
00000223  columna4                      
00000226  columna5                      
00000225  columna6                      
0000020e  cont                          
00000212  cont2                         
00000202  decenas                       
00000208  decimas                       
00000228  errno                         
00000227  fila                          
0000ea60  llabs                         
0000e6b6  main                          
0000ea9a  memcpy                        
0000020c  milesimas                     
00000204  millar                        
00000210  num                           
0000eafa  signos                        
0000ca08  sqrt                          
0000ca08  sqrtl                         
00000200  unidades                      


GLOBAL SYMBOLS: SORTED BY Symbol Address 

address   name                          
-------   ----                          
00000000  IE1                           
00000001  IE2                           
00000002  IFG1                          
00000003  IFG2                          
00000010  P3REN                         
00000018  P3IN                          
00000019  P3OUT                         
0000001a  P3DIR                         
0000001b  P3SEL                         
00000020  P1IN                          
00000021  P1OUT                         
00000022  P1DIR                         
00000023  P1IFG                         
00000024  P1IES                         
00000025  P1IE                          
00000026  P1SEL                         
00000027  P1REN                         
00000028  P2IN                          
00000029  P2OUT                         
0000002a  P2DIR                         
0000002b  P2IFG                         
0000002c  P2IES                         
0000002d  P2IE                          
0000002e  P2SEL                         
0000002f  P2REN                         
00000041  P1SEL2                        
00000042  P2SEL2                        
00000043  P3SEL2                        
00000048  ADC10DTC0                     
00000049  ADC10DTC1                     
0000004a  ADC10AE0                      
00000050  __STACK_SIZE                  
00000053  BCSCTL3                       
00000056  DCOCTL                        
00000057  BCSCTL1                       
00000058  BCSCTL2                       
00000059  CACTL1                        
0000005a  CACTL2                        
0000005b  CAPD                          
0000005d  UCA0ABCTL                     
0000005e  UCA0IRTCTL                    
0000005f  UCA0IRRCTL                    
00000060  UCA0CTL0                      
00000061  UCA0CTL1                      
00000062  UCA0BR0                       
00000063  UCA0BR1                       
00000064  UCA0MCTL                      
00000065  UCA0STAT                      
00000066  UCA0RXBUF                     
00000067  UCA0TXBUF                     
00000068  UCB0CTL0                      
00000069  UCB0CTL1                      
0000006a  UCB0BR0                       
0000006b  UCB0BR1                       
0000006c  UCB0I2CIE                     
0000006d  UCB0STAT                      
0000006e  UCB0RXBUF                     
0000006f  UCB0TXBUF                     
00000118  UCB0I2COA                     
0000011a  UCB0I2CSA                     
0000011e  TA1IV                         
00000120  WDTCTL                        
00000128  FCTL1                         
0000012a  FCTL2                         
0000012c  FCTL3                         
0000012e  TA0IV                         
00000160  TA0CTL                        
00000162  TA0CCTL0                      
00000164  TA0CCTL1                      
00000166  TA0CCTL2                      
00000170  TA0R                          
00000172  TA0CCR0                       
00000174  TA0CCR1                       
00000176  TA0CCR2                       
00000180  TA1CTL                        
00000182  TA1CCTL0                      
00000184  TA1CCTL1                      
00000186  TA1CCTL2                      
00000190  TA1R                          
00000192  TA1CCR0                       
00000194  TA1CCR1                       
00000196  TA1CCR2                       
000001b0  ADC10CTL0                     
000001b2  ADC10CTL1                     
000001b4  ADC10MEM                      
000001bc  ADC10SA                       
00000200  unidades                      
00000202  decenas                       
00000204  millar                        
00000206  centenas                      
00000208  decimas                       
0000020a  centecimas                    
0000020c  milesimas                     
0000020e  cont                          
00000210  num                           
00000212  cont2                         
00000214  Val                           
00000218  Val1                          
0000021c  Valor                         
00000220  columna                       
00000221  columna1                      
00000222  columna2                      
00000223  columna4                      
00000224  columna3                      
00000225  columna6                      
00000226  columna5                      
00000227  fila                          
00000228  errno                         
000003b0  _stack                        
00000400  __STACK_END                   
000010c0  TLV_CHECKSUM                  
000010da  TLV_ADC10_1_TAG               
000010db  TLV_ADC10_1_LEN               
000010f6  TLV_DCO_30_TAG                
000010f7  TLV_DCO_30_LEN                
000010f8  CALDCO_16MHZ                  
000010f9  CALBC1_16MHZ                  
000010fa  CALDCO_12MHZ                  
000010fb  CALBC1_12MHZ                  
000010fc  CALDCO_8MHZ                   
000010fd  CALBC1_8MHZ                   
000010fe  CALDCO_1MHZ                   
000010ff  CALBC1_1MHZ                   
0000c000  Numeros                       
0000c3ae  __mspabi_divull               
0000c70e  __mspabi_addd                 
0000ca08  sqrt                          
0000ca08  sqrtl                         
0000cd00  LCD1602_Printf                
0000cf88  __TI_frcmpyd                  
0000d20e  __mspabi_mpyd                 
0000d47c  __TI_frcaddd                  
0000d6dc  Conf_LCD1602                  
0000d8ca  __mspabi_divlli               
0000da12  __mspabi_subf                 
0000da18  __mspabi_addf                 
0000db44  LCD1602_Print                 
0000dc74  Conv_Entero                   
0000dd8e  __mspabi_mpyll                
0000dd8e  __mspabi_mpyll_sw             
0000dea2  LCD1602_Com                   
0000dfaa  LCD1602_Dato                  
0000e0b2  __mspabi_mpyf                 
0000e176  __TI_renormd                  
0000e234  __mspabi_divf                 
0000e2d0  __mspabi_cvtdf                
0000e35c  __TI_decompress_lzss          
0000e3d8  __mspabi_cvtfd                
0000e44a  LCD1602_Char                  
0000e4b4  __mspabi_fixfi                
0000e51c  __mspabi_remlli               
0000e578  __mspabi_srll_15              
0000e57e  __mspabi_srll_14              
0000e584  __mspabi_srll_13              
0000e58a  __mspabi_srll_12              
0000e590  __mspabi_srll_11              
0000e596  __mspabi_srll_10              
0000e59c  __mspabi_srll_9               
0000e5a2  __mspabi_srll_8               
0000e5a8  __mspabi_srll_7               
0000e5ae  __mspabi_srll_6               
0000e5b4  __mspabi_srll_5               
0000e5ba  __mspabi_srll_4               
0000e5c0  __mspabi_srll_3               
0000e5c6  __mspabi_srll_2               
0000e5cc  __mspabi_srll_1               
0000e5d4  LCD1602_Cadena                
0000e620  __mspabi_srli                 
0000e62e  __mspabi_srli_15              
0000e632  __mspabi_srli_14              
0000e636  __mspabi_srli_13              
0000e63a  __mspabi_srli_12              
0000e63e  __mspabi_srli_11              
0000e642  __mspabi_srli_10              
0000e646  __mspabi_srli_9               
0000e64a  __mspabi_srli_8               
0000e64e  __mspabi_srli_7               
0000e652  __mspabi_srli_6               
0000e656  __mspabi_srli_5               
0000e65a  __mspabi_srli_4               
0000e65e  __mspabi_srli_3               
0000e662  __mspabi_srli_2               
0000e666  __mspabi_srli_1               
0000e66c  __mspabi_srall                
0000e6b6  main                          
0000e700  __mspabi_cmpf                 
0000e74a  __mspabi_srlll                
0000e790  __mspabi_sllll                
0000e7d4  __TI_auto_init_nobinit_nopinit
0000e816  __mspabi_sral_15              
0000e81a  __mspabi_sral_14              
0000e81e  __mspabi_sral_13              
0000e822  __mspabi_sral_12              
0000e826  __mspabi_sral_11              
0000e82a  __mspabi_sral_10              
0000e82e  __mspabi_sral_9               
0000e832  __mspabi_sral_8               
0000e836  __mspabi_sral_7               
0000e83a  __mspabi_sral_6               
0000e83e  __mspabi_sral_5               
0000e842  __mspabi_sral_4               
0000e846  __mspabi_sral_3               
0000e84a  __mspabi_sral_2               
0000e84e  __mspabi_sral_1               
0000e854  __mspabi_slll_15              
0000e858  __mspabi_slll_14              
0000e85c  __mspabi_slll_13              
0000e860  __mspabi_slll_12              
0000e864  __mspabi_slll_11              
0000e868  __mspabi_slll_10              
0000e86c  __mspabi_slll_9               
0000e870  __mspabi_slll_8               
0000e874  __mspabi_slll_7               
0000e878  __mspabi_slll_6               
0000e87c  __mspabi_slll_5               
0000e880  __mspabi_slll_4               
0000e884  __mspabi_slll_3               
0000e888  __mspabi_slll_2               
0000e88c  __mspabi_slll_1               
0000e892  LCD1602_GC                    
0000e8ca  Conf_Reloj                    
0000e900  __mspabi_fltif                
0000e936  ADC10_ISR                     
0000e962  __mspabi_srai                 
0000e96e  __mspabi_srai_15              
0000e970  __mspabi_srai_14              
0000e972  __mspabi_srai_13              
0000e974  __mspabi_srai_12              
0000e976  __mspabi_srai_11              
0000e978  __mspabi_srai_10              
0000e97a  __mspabi_srai_9               
0000e97c  __mspabi_srai_8               
0000e97e  __mspabi_srai_7               
0000e980  __mspabi_srai_6               
0000e982  __mspabi_srai_5               
0000e984  __mspabi_srai_4               
0000e986  __mspabi_srai_3               
0000e988  __mspabi_srai_2               
0000e98a  __mspabi_srai_1               
0000e98e  __mspabi_slli                 
0000e99a  __mspabi_slli_15              
0000e99c  __mspabi_slli_14              
0000e99e  __mspabi_slli_13              
0000e9a0  __mspabi_slli_12              
0000e9a2  __mspabi_slli_11              
0000e9a4  __mspabi_slli_10              
0000e9a6  __mspabi_slli_9               
0000e9a8  __mspabi_slli_8               
0000e9aa  __mspabi_slli_7               
0000e9ac  __mspabi_slli_6               
0000e9ae  __mspabi_slli_5               
0000e9b0  __mspabi_slli_4               
0000e9b2  __mspabi_slli_3               
0000e9b4  __mspabi_slli_2               
0000e9b6  __mspabi_slli_1               
0000e9ba  __mspabi_mpyl                 
0000e9ba  __mspabi_mpyl_sw              
0000e9e0  __mspabi_fltuf                
0000ea04  __mspabi_mpyul                
0000ea04  __mspabi_mpyul_sw             
0000ea26  LCD1602_Pos                   
0000ea44  _c_int00_noargs               
0000ea60  llabs                         
0000ea76  __TI_decompress_none          
0000ea88  __mspabi_srll                 
0000ea9a  memcpy                        
0000eaac  __mspabi_sral                 
0000eabc  __mspabi_slll                 
0000eacc  __mspabi_func_epilog_7        
0000eace  __mspabi_func_epilog_6        
0000ead0  __mspabi_func_epilog_5        
0000ead2  __mspabi_func_epilog_4        
0000ead4  __mspabi_func_epilog_3        
0000ead6  __mspabi_func_epilog_2        
0000ead8  __mspabi_func_epilog_1        
0000eadc  LCD1602_E                     
0000eae6  __TI_ISR_TRAP                 
0000eaee  C$$EXIT                       
0000eaee  abort                         
0000eaf4  _system_pre_init              
0000eaf8  _system_post_cinit            
0000eafa  signos                        
0000eb54  __TI_Handler_Table_Base       
0000eb58  __TI_CINIT_Base               
0000eb58  __TI_Handler_Table_Limit      
0000eb5c  __TI_CINIT_Limit              
0000ffe0  __TI_int00                    
0000ffe4  __TI_int02                    
0000ffe6  __TI_int03                    
0000ffea  __TI_int05                    
0000ffec  __TI_int06                    
0000ffee  __TI_int07                    
0000fff0  __TI_int08                    
0000fff2  __TI_int09                    
0000fff4  __TI_int10                    
0000fff6  __TI_int11                    
0000fff8  __TI_int12                    
0000fffa  __TI_int13                    
0000fffc  __TI_int14                    
0000fffe  _reset_vector                 
ffffffff  __TI_pprof_out_hndl           
ffffffff  __TI_prof_data_size           
ffffffff  __TI_prof_data_start          
ffffffff  __c_args__                    

[304 symbols]
