******************************************************************************
                  MSP430 Linker PC v18.1.3                     
******************************************************************************
>> Linked Fri Jan 11 22:14:02 2019

OUTPUT FILE NAME:   <VoltimetroVrms.out>
ENTRY POINT SYMBOL: "_c_int00_noargs"  address: 0000e7fe


MEMORY CONFIGURATION

         name            origin    length      used     unused   attr    fill
----------------------  --------  ---------  --------  --------  ----  --------
  SFR                   00000000   00000010  00000000  00000010  RWIX
  PERIPHERALS_8BIT      00000010   000000f0  00000000  000000f0  RWIX
  PERIPHERALS_16BIT     00000100   00000100  00000000  00000100  RWIX
  RAM                   00000200   00000200  00000078  00000188  RWIX
  INFOD                 00001000   00000040  00000000  00000040  RWIX
  INFOC                 00001040   00000040  00000000  00000040  RWIX
  INFOB                 00001080   00000040  00000000  00000040  RWIX
  INFOA                 000010c0   00000040  00000000  00000040  RWIX
  FLASH                 0000c000   00003fde  0000291e  000016c0  RWIX
  BSLSIGNATURE          0000ffde   00000002  00000002  00000000  RWIX  ffff 
  INT00                 0000ffe0   00000002  00000002  00000000  RWIX
  INT01                 0000ffe2   00000002  00000000  00000002  RWIX
  INT02                 0000ffe4   00000002  00000002  00000000  RWIX
  INT03                 0000ffe6   00000002  00000002  00000000  RWIX
  INT04                 0000ffe8   00000002  00000000  00000002  RWIX
  INT05                 0000ffea   00000002  00000002  00000000  RWIX
  INT06                 0000ffec   00000002  00000002  00000000  RWIX
  INT07                 0000ffee   00000002  00000002  00000000  RWIX
  INT08                 0000fff0   00000002  00000002  00000000  RWIX
  INT09                 0000fff2   00000002  00000002  00000000  RWIX
  INT10                 0000fff4   00000002  00000002  00000000  RWIX
  INT11                 0000fff6   00000002  00000002  00000000  RWIX
  INT12                 0000fff8   00000002  00000002  00000000  RWIX
  INT13                 0000fffa   00000002  00000002  00000000  RWIX
  INT14                 0000fffc   00000002  00000002  00000000  RWIX
  RESET                 0000fffe   00000002  00000002  00000000  RWIX


SECTION ALLOCATION MAP

 output                                  attributes/
section   page    origin      length       input sections
--------  ----  ----------  ----------   ----------------
.data      0    00000200    00000028     UNINITIALIZED
                  00000200    00000028     Vrms.obj (.data)

.stack     0    000003b0    00000050     UNINITIALIZED
                  000003b0    00000002     rts430_eabi.lib : boot.c.obj (.stack)
                  000003b2    0000004e     --HOLE--

.text      0    0000c000    000028bc     
                  0000c000    00000368     Vrms.obj (.text:Numeros)
                  0000c368    00000360     rts430_eabi.lib : div64u.c.obj (.text:__mspabi_divull)
                  0000c6c8    000002fa                     : addd.c.obj (.text:__mspabi_addd)
                  0000c9c2    00000288     Vrms.obj (.text:LCD1602_Printf)
                  0000cc4a    00000286     rts430_eabi.lib : frcmpyd.c.obj (.text:__TI_frcmpyd)
                  0000ced0    0000026e                     : mpyd.c.obj (.text:__mspabi_mpyd)
                  0000d13e    00000260                     : frcaddd.c.obj (.text:__TI_frcaddd)
                  0000d39e    000001ee     Vrms.obj (.text:Conf_LCD1602)
                  0000d58c    00000148     rts430_eabi.lib : div64s.c.obj (.text:__mspabi_divlli)
                  0000d6d4    00000132                     : fs_add.asm.obj (.text)
                  0000d806    00000130     Vrms.obj (.text:LCD1602_Print)
                  0000d936    0000011a     Vrms.obj (.text:Conv_Entero)
                  0000da50    00000114     rts430_eabi.lib : mult64.asm.obj (.text:__mpyll)
                  0000db64    00000108     Vrms.obj (.text:LCD1602_Com)
                  0000dc6c    00000108     Vrms.obj (.text:LCD1602_Dato)
                  0000dd74    000000dc     rts430_eabi.lib : cmpd.c.obj (.text:__mspabi_cmpd)
                  0000de50    000000d4     Vrms.obj (.text:main)
                  0000df24    000000c4     rts430_eabi.lib : fs_mpy.asm.obj (.text)
                  0000dfe8    000000be                     : renormd.c.obj (.text:__TI_renormd)
                  0000e0a6    0000008c                     : cvtdf.c.obj (.text:__mspabi_cvtdf)
                  0000e132    0000007c                     : copy_decompress_lzss.c.obj (.text:decompress:lzss:__TI_decompress_lzss)
                  0000e1ae    00000072                     : cvtfd.c.obj (.text:__mspabi_cvtfd)
                  0000e220    0000006a     Vrms.obj (.text:LCD1602_Char)
                  0000e28a    00000068     rts430_eabi.lib : fs_toi.asm.obj (.text)
                  0000e2f2    0000005c                     : rem64s.c.obj (.text:__mspabi_remlli)
                  0000e34e    0000005c                     : lsr32.asm.obj (.text:l_lsr_const)
                  0000e3aa    0000004c     Vrms.obj (.text:LCD1602_Cadena)
                  0000e3f6    0000004c     rts430_eabi.lib : lsr16.asm.obj (.text)
                  0000e442    0000004a                     : asr64.c.obj (.text:__mspabi_srall)
                  0000e48c    0000004a                     : fs_cmp.asm.obj (.text)
                  0000e4d6    00000046                     : lsr64.c.obj (.text:__mspabi_srlll)
                  0000e51c    00000044                     : lsl64.c.obj (.text:__mspabi_sllll)
                  0000e560    00000042                     : autoinit.c.obj (.text:__TI_auto_init_nobinit_nopinit:__TI_auto_init_nobinit_nopinit)
                  0000e5a2    0000003e                     : asr32.asm.obj (.text:l_asr_const)
                  0000e5e0    0000003e                     : lsl32.asm.obj (.text:l_lsl_const)
                  0000e61e    00000038     Vrms.obj (.text:LCD1602_GC)
                  0000e656    00000036     Vrms.obj (.text:Conf_Reloj)
                  0000e68c    00000036     rts430_eabi.lib : fs_itof.asm.obj (.text)
                  0000e6c2    0000002e                     : subd.c.obj (.text:__mspabi_subd)
                  0000e6f0    0000002c     Vrms.obj (.text:ADC10_ISR)
                  0000e71c    0000002c     rts430_eabi.lib : asr16.asm.obj (.text)
                  0000e748    0000002c                     : lsl16.asm.obj (.text)
                  0000e774    00000026                     : mult32.asm.obj (.text)
                  0000e79a    00000024                     : fs_utof.asm.obj (.text)
                  0000e7be    00000022                     : mult1632.asm.obj (.text:__mpyul)
                  0000e7e0    0000001e     Vrms.obj (.text:LCD1602_Pos)
                  0000e7fe    0000001c     rts430_eabi.lib : boot.c.obj (.text:_c_int00_noargs)
                  0000e81a    00000016                     : llabs.c.obj (.text:llabs)
                  0000e830    00000012                     : copy_decompress_none.c.obj (.text:decompress:none:__TI_decompress_none)
                  0000e842    00000012                     : lsr32.asm.obj (.text:l_lsr)
                  0000e854    00000012                     : memcpy.c.obj (.text:memcpy)
                  0000e866    00000010                     : asr32.asm.obj (.text:l_asr)
                  0000e876    00000010                     : lsl32.asm.obj (.text:l_lsl)
                  0000e886    00000010                     : epilog.asm.obj (.text)
                  0000e896    0000000a     Vrms.obj (.text:LCD1602_E)
                  0000e8a0    00000008     Vrms.obj (.text:WDT_ISR)
                  0000e8a8    00000008     rts430_eabi.lib : isr_trap.asm.obj (.text:_isr:__TI_ISR_TRAP)
                  0000e8b0    00000006                     : exit.c.obj (.text:abort)
                  0000e8b6    00000004                     : pre_init.c.obj (.text:_system_pre_init)
                  0000e8ba    00000002                     : startup.c.obj (.text:_system_post_cinit)

.const     0    0000e8bc    00000048     
                  0000e8bc    00000040     Vrms.obj (.const:signos)
                  0000e8fc    00000008     Vrms.obj (.const:.string)

.cinit     0    0000e904    0000001a     
                  0000e904    00000012     (.cinit..data.load) [load image, compression = lzss]
                  0000e916    00000004     (__TI_handler_table)
                  0000e91a    00000004     (__TI_cinit_table)

.binit     0    0000c000    00000000     

.init_array 
*          0    0000c000    00000000     UNINITIALIZED

TRAPINT    0    0000ffe0    00000002     
                  0000ffe0    00000002     rts430_eabi.lib : int00.asm.obj (.int00)

PORT1      0    0000ffe4    00000002     
                  0000ffe4    00000002     rts430_eabi.lib : int02.asm.obj (.int02)

PORT2      0    0000ffe6    00000002     
                  0000ffe6    00000002     rts430_eabi.lib : int03.asm.obj (.int03)

ADC10      0    0000ffea    00000002     
                  0000ffea    00000002     Vrms.obj (.int05)

USCIAB0TX 
*          0    0000ffec    00000002     
                  0000ffec    00000002     rts430_eabi.lib : int06.asm.obj (.int06)

USCIAB0RX 
*          0    0000ffee    00000002     
                  0000ffee    00000002     rts430_eabi.lib : int07.asm.obj (.int07)

TIMER0_A1 
*          0    0000fff0    00000002     
                  0000fff0    00000002     rts430_eabi.lib : int08.asm.obj (.int08)

TIMER0_A0 
*          0    0000fff2    00000002     
                  0000fff2    00000002     rts430_eabi.lib : int09.asm.obj (.int09)

WDT        0    0000fff4    00000002     
                  0000fff4    00000002     Vrms.obj (.int10)

COMPARATORA 
*          0    0000fff6    00000002     
                  0000fff6    00000002     rts430_eabi.lib : int11.asm.obj (.int11)

TIMER1_A1 
*          0    0000fff8    00000002     
                  0000fff8    00000002     rts430_eabi.lib : int12.asm.obj (.int12)

TIMER1_A0 
*          0    0000fffa    00000002     
                  0000fffa    00000002     rts430_eabi.lib : int13.asm.obj (.int13)

NMI        0    0000fffc    00000002     
                  0000fffc    00000002     rts430_eabi.lib : int14.asm.obj (.int14)

.reset     0    0000fffe    00000002     
                  0000fffe    00000002     rts430_eabi.lib : boot.c.obj (.reset)

$fill000   0    0000ffde    00000002     
                  0000ffde    00000002     --HOLE-- [fill = ffff]

MODULE SUMMARY

       Module                       code    ro data   rw data
       ------                       ----    -------   -------
    .\
       Vrms.obj                     3724    76        40     
    +--+----------------------------+-------+---------+---------+
       Total:                       3724    76        40     
                                                             
    C:\ti\ccsv8\tools\compiler\ti-cgt-msp430_18.1.3.LTS\lib\rts430_eabi.lib
       div64u.c.obj                 864     0         0      
       addd.c.obj                   762     0         0      
       frcmpyd.c.obj                646     0         0      
       mpyd.c.obj                   622     0         0      
       frcaddd.c.obj                608     0         0      
       div64s.c.obj                 328     0         0      
       fs_add.asm.obj               306     0         0      
       mult64.asm.obj               276     0         0      
       cmpd.c.obj                   220     0         0      
       fs_mpy.asm.obj               196     0         0      
       renormd.c.obj                190     0         0      
       cvtdf.c.obj                  140     0         0      
       copy_decompress_lzss.c.obj   124     0         0      
       cvtfd.c.obj                  114     0         0      
       lsr32.asm.obj                110     0         0      
       fs_toi.asm.obj               104     0         0      
       rem64s.c.obj                 92      0         0      
       asr32.asm.obj                78      0         0      
       lsl32.asm.obj                78      0         0      
       lsr16.asm.obj                76      0         0      
       asr64.c.obj                  74      0         0      
       fs_cmp.asm.obj               74      0         0      
       lsr64.c.obj                  70      0         0      
       lsl64.c.obj                  68      0         0      
       autoinit.c.obj               66      0         0      
       fs_itof.asm.obj              54      0         0      
       subd.c.obj                   46      0         0      
       asr16.asm.obj                44      0         0      
       lsl16.asm.obj                44      0         0      
       mult32.asm.obj               38      0         0      
       fs_utof.asm.obj              36      0         0      
       mult1632.asm.obj             34      0         0      
       boot.c.obj                   28      2         0      
       llabs.c.obj                  22      0         0      
       copy_decompress_none.c.obj   18      0         0      
       memcpy.c.obj                 18      0         0      
       epilog.asm.obj               16      0         0      
       isr_trap.asm.obj             8       0         0      
       exit.c.obj                   6       0         0      
       pre_init.c.obj               4       0         0      
       int00.asm.obj                0       2         0      
       int02.asm.obj                0       2         0      
       int03.asm.obj                0       2         0      
       int06.asm.obj                0       2         0      
       int07.asm.obj                0       2         0      
       int08.asm.obj                0       2         0      
       int09.asm.obj                0       2         0      
       int11.asm.obj                0       2         0      
       int12.asm.obj                0       2         0      
       int13.asm.obj                0       2         0      
       int14.asm.obj                0       2         0      
       startup.c.obj                2       0         0      
    +--+----------------------------+-------+---------+---------+
       Total:                       6704    24        0      
                                                             
       Stack:                       0       0         80     
       Linker Generated:            0       26        0      
    +--+----------------------------+-------+---------+---------+
       Grand Total:                 10428   126       120    


LINKER GENERATED COPY TABLES

__TI_cinit_table @ 0000e91a records: 1, size/record: 4, table size: 4
	.data: load addr=0000e904, load size=00000012 bytes, run addr=00000200, run size=00000028 bytes, compression=lzss


LINKER GENERATED HANDLER TABLE

__TI_handler_table @ 0000e916 records: 2, size/record: 2, table size: 4
	index: 0, handler: __TI_decompress_lzss
	index: 1, handler: __TI_decompress_none


GLOBAL SYMBOLS: SORTED ALPHABETICALLY BY Name 

address   name                          
-------   ----                          
0000004a  ADC10AE0                      
000001b0  ADC10CTL0                     
000001b2  ADC10CTL1                     
00000048  ADC10DTC0                     
00000049  ADC10DTC1                     
000001b4  ADC10MEM                      
000001bc  ADC10SA                       
0000e6f0  ADC10_ISR                     
00000057  BCSCTL1                       
00000058  BCSCTL2                       
00000053  BCSCTL3                       
0000e8b0  C$$EXIT                       
00000059  CACTL1                        
0000005a  CACTL2                        
000010fb  CALBC1_12MHZ                  
000010f9  CALBC1_16MHZ                  
000010ff  CALBC1_1MHZ                   
000010fd  CALBC1_8MHZ                   
000010fa  CALDCO_12MHZ                  
000010f8  CALDCO_16MHZ                  
000010fe  CALDCO_1MHZ                   
000010fc  CALDCO_8MHZ                   
0000005b  CAPD                          
0000d39e  Conf_LCD1602                  
0000e656  Conf_Reloj                    
0000d936  Conv_Entero                   
00000056  DCOCTL                        
00000128  FCTL1                         
0000012a  FCTL2                         
0000012c  FCTL3                         
00000000  IE1                           
00000001  IE2                           
00000002  IFG1                          
00000003  IFG2                          
0000e3aa  LCD1602_Cadena                
0000e220  LCD1602_Char                  
0000db64  LCD1602_Com                   
0000dc6c  LCD1602_Dato                  
0000e896  LCD1602_E                     
0000e61e  LCD1602_GC                    
0000e7e0  LCD1602_Pos                   
0000d806  LCD1602_Print                 
0000c9c2  LCD1602_Printf                
0000c000  Numeros                       
00000022  P1DIR                         
00000025  P1IE                          
00000024  P1IES                         
00000023  P1IFG                         
00000020  P1IN                          
00000021  P1OUT                         
00000027  P1REN                         
00000026  P1SEL                         
00000041  P1SEL2                        
0000002a  P2DIR                         
0000002d  P2IE                          
0000002c  P2IES                         
0000002b  P2IFG                         
00000028  P2IN                          
00000029  P2OUT                         
0000002f  P2REN                         
0000002e  P2SEL                         
00000042  P2SEL2                        
0000001a  P3DIR                         
00000018  P3IN                          
00000019  P3OUT                         
00000010  P3REN                         
0000001b  P3SEL                         
00000043  P3SEL2                        
00000172  TA0CCR0                       
00000174  TA0CCR1                       
00000176  TA0CCR2                       
00000162  TA0CCTL0                      
00000164  TA0CCTL1                      
00000166  TA0CCTL2                      
00000160  TA0CTL                        
0000012e  TA0IV                         
00000170  TA0R                          
00000192  TA1CCR0                       
00000194  TA1CCR1                       
00000196  TA1CCR2                       
00000182  TA1CCTL0                      
00000184  TA1CCTL1                      
00000186  TA1CCTL2                      
00000180  TA1CTL                        
0000011e  TA1IV                         
00000190  TA1R                          
000010db  TLV_ADC10_1_LEN               
000010da  TLV_ADC10_1_TAG               
000010c0  TLV_CHECKSUM                  
000010f7  TLV_DCO_30_LEN                
000010f6  TLV_DCO_30_TAG                
0000005d  UCA0ABCTL                     
00000062  UCA0BR0                       
00000063  UCA0BR1                       
00000060  UCA0CTL0                      
00000061  UCA0CTL1                      
0000005f  UCA0IRRCTL                    
0000005e  UCA0IRTCTL                    
00000064  UCA0MCTL                      
00000066  UCA0RXBUF                     
00000065  UCA0STAT                      
00000067  UCA0TXBUF                     
0000006a  UCB0BR0                       
0000006b  UCB0BR1                       
00000068  UCB0CTL0                      
00000069  UCB0CTL1                      
0000006c  UCB0I2CIE                     
00000118  UCB0I2COA                     
0000011a  UCB0I2CSA                     
0000006e  UCB0RXBUF                     
0000006d  UCB0STAT                      
0000006f  UCB0TXBUF                     
00000214  Val                           
00000218  Val1                          
0000021c  Valor                         
00000120  WDTCTL                        
0000e8a0  WDT_ISR                       
00000400  __STACK_END                   
00000050  __STACK_SIZE                  
0000e91a  __TI_CINIT_Base               
0000e91e  __TI_CINIT_Limit              
0000e916  __TI_Handler_Table_Base       
0000e91a  __TI_Handler_Table_Limit      
0000e8a8  __TI_ISR_TRAP                 
0000e560  __TI_auto_init_nobinit_nopinit
0000e132  __TI_decompress_lzss          
0000e830  __TI_decompress_none          
0000d13e  __TI_frcaddd                  
0000cc4a  __TI_frcmpyd                  
0000ffe0  __TI_int00                    
0000ffe4  __TI_int02                    
0000ffe6  __TI_int03                    
0000ffea  __TI_int05                    
0000ffec  __TI_int06                    
0000ffee  __TI_int07                    
0000fff0  __TI_int08                    
0000fff2  __TI_int09                    
0000fff4  __TI_int10                    
0000fff6  __TI_int11                    
0000fff8  __TI_int12                    
0000fffa  __TI_int13                    
0000fffc  __TI_int14                    
ffffffff  __TI_pprof_out_hndl           
ffffffff  __TI_prof_data_size           
ffffffff  __TI_prof_data_start          
0000dfe8  __TI_renormd                  
ffffffff  __c_args__                    
0000c6c8  __mspabi_addd                 
0000d6da  __mspabi_addf                 
0000dd74  __mspabi_cmpd                 
0000e48c  __mspabi_cmpf                 
0000e0a6  __mspabi_cvtdf                
0000e1ae  __mspabi_cvtfd                
0000d58c  __mspabi_divlli               
0000c368  __mspabi_divull               
0000e28a  __mspabi_fixfi                
0000e68c  __mspabi_fltif                
0000e79a  __mspabi_fltuf                
0000e892  __mspabi_func_epilog_1        
0000e890  __mspabi_func_epilog_2        
0000e88e  __mspabi_func_epilog_3        
0000e88c  __mspabi_func_epilog_4        
0000e88a  __mspabi_func_epilog_5        
0000e888  __mspabi_func_epilog_6        
0000e886  __mspabi_func_epilog_7        
0000ced0  __mspabi_mpyd                 
0000df24  __mspabi_mpyf                 
0000e774  __mspabi_mpyl                 
0000e774  __mspabi_mpyl_sw              
0000da50  __mspabi_mpyll                
0000da50  __mspabi_mpyll_sw             
0000e7be  __mspabi_mpyul                
0000e7be  __mspabi_mpyul_sw             
0000e2f2  __mspabi_remlli               
0000e748  __mspabi_slli                 
0000e770  __mspabi_slli_1               
0000e75e  __mspabi_slli_10              
0000e75c  __mspabi_slli_11              
0000e75a  __mspabi_slli_12              
0000e758  __mspabi_slli_13              
0000e756  __mspabi_slli_14              
0000e754  __mspabi_slli_15              
0000e76e  __mspabi_slli_2               
0000e76c  __mspabi_slli_3               
0000e76a  __mspabi_slli_4               
0000e768  __mspabi_slli_5               
0000e766  __mspabi_slli_6               
0000e764  __mspabi_slli_7               
0000e762  __mspabi_slli_8               
0000e760  __mspabi_slli_9               
0000e876  __mspabi_slll                 
0000e618  __mspabi_slll_1               
0000e5f4  __mspabi_slll_10              
0000e5f0  __mspabi_slll_11              
0000e5ec  __mspabi_slll_12              
0000e5e8  __mspabi_slll_13              
0000e5e4  __mspabi_slll_14              
0000e5e0  __mspabi_slll_15              
0000e614  __mspabi_slll_2               
0000e610  __mspabi_slll_3               
0000e60c  __mspabi_slll_4               
0000e608  __mspabi_slll_5               
0000e604  __mspabi_slll_6               
0000e600  __mspabi_slll_7               
0000e5fc  __mspabi_slll_8               
0000e5f8  __mspabi_slll_9               
0000e51c  __mspabi_sllll                
0000e71c  __mspabi_srai                 
0000e744  __mspabi_srai_1               
0000e732  __mspabi_srai_10              
0000e730  __mspabi_srai_11              
0000e72e  __mspabi_srai_12              
0000e72c  __mspabi_srai_13              
0000e72a  __mspabi_srai_14              
0000e728  __mspabi_srai_15              
0000e742  __mspabi_srai_2               
0000e740  __mspabi_srai_3               
0000e73e  __mspabi_srai_4               
0000e73c  __mspabi_srai_5               
0000e73a  __mspabi_srai_6               
0000e738  __mspabi_srai_7               
0000e736  __mspabi_srai_8               
0000e734  __mspabi_srai_9               
0000e866  __mspabi_sral                 
0000e5da  __mspabi_sral_1               
0000e5b6  __mspabi_sral_10              
0000e5b2  __mspabi_sral_11              
0000e5ae  __mspabi_sral_12              
0000e5aa  __mspabi_sral_13              
0000e5a6  __mspabi_sral_14              
0000e5a2  __mspabi_sral_15              
0000e5d6  __mspabi_sral_2               
0000e5d2  __mspabi_sral_3               
0000e5ce  __mspabi_sral_4               
0000e5ca  __mspabi_sral_5               
0000e5c6  __mspabi_sral_6               
0000e5c2  __mspabi_sral_7               
0000e5be  __mspabi_sral_8               
0000e5ba  __mspabi_sral_9               
0000e442  __mspabi_srall                
0000e3f6  __mspabi_srli                 
0000e43c  __mspabi_srli_1               
0000e418  __mspabi_srli_10              
0000e414  __mspabi_srli_11              
0000e410  __mspabi_srli_12              
0000e40c  __mspabi_srli_13              
0000e408  __mspabi_srli_14              
0000e404  __mspabi_srli_15              
0000e438  __mspabi_srli_2               
0000e434  __mspabi_srli_3               
0000e430  __mspabi_srli_4               
0000e42c  __mspabi_srli_5               
0000e428  __mspabi_srli_6               
0000e424  __mspabi_srli_7               
0000e420  __mspabi_srli_8               
0000e41c  __mspabi_srli_9               
0000e842  __mspabi_srll                 
0000e3a2  __mspabi_srll_1               
0000e36c  __mspabi_srll_10              
0000e366  __mspabi_srll_11              
0000e360  __mspabi_srll_12              
0000e35a  __mspabi_srll_13              
0000e354  __mspabi_srll_14              
0000e34e  __mspabi_srll_15              
0000e39c  __mspabi_srll_2               
0000e396  __mspabi_srll_3               
0000e390  __mspabi_srll_4               
0000e38a  __mspabi_srll_5               
0000e384  __mspabi_srll_6               
0000e37e  __mspabi_srll_7               
0000e378  __mspabi_srll_8               
0000e372  __mspabi_srll_9               
0000e4d6  __mspabi_srlll                
0000e6c2  __mspabi_subd                 
0000d6d4  __mspabi_subf                 
0000e7fe  _c_int00_noargs               
0000fffe  _reset_vector                 
000003b0  _stack                        
0000e8ba  _system_post_cinit            
0000e8b6  _system_pre_init              
0000e8b0  abort                         
0000020a  centecimas                    
00000206  centenas                      
00000220  columna                       
00000221  columna1                      
00000222  columna2                      
00000224  columna3                      
00000223  columna4                      
00000226  columna5                      
00000225  columna6                      
0000020e  cont                          
00000212  cont2                         
00000202  decenas                       
00000208  decimas                       
00000227  fila                          
0000e81a  llabs                         
0000de50  main                          
0000e854  memcpy                        
0000020c  milesimas                     
00000204  millar                        
00000210  num                           
0000e8bc  signos                        
00000200  unidades                      


GLOBAL SYMBOLS: SORTED BY Symbol Address 

address   name                          
-------   ----                          
00000000  IE1                           
00000001  IE2                           
00000002  IFG1                          
00000003  IFG2                          
00000010  P3REN                         
00000018  P3IN                          
00000019  P3OUT                         
0000001a  P3DIR                         
0000001b  P3SEL                         
00000020  P1IN                          
00000021  P1OUT                         
00000022  P1DIR                         
00000023  P1IFG                         
00000024  P1IES                         
00000025  P1IE                          
00000026  P1SEL                         
00000027  P1REN                         
00000028  P2IN                          
00000029  P2OUT                         
0000002a  P2DIR                         
0000002b  P2IFG                         
0000002c  P2IES                         
0000002d  P2IE                          
0000002e  P2SEL                         
0000002f  P2REN                         
00000041  P1SEL2                        
00000042  P2SEL2                        
00000043  P3SEL2                        
00000048  ADC10DTC0                     
00000049  ADC10DTC1                     
0000004a  ADC10AE0                      
00000050  __STACK_SIZE                  
00000053  BCSCTL3                       
00000056  DCOCTL                        
00000057  BCSCTL1                       
00000058  BCSCTL2                       
00000059  CACTL1                        
0000005a  CACTL2                        
0000005b  CAPD                          
0000005d  UCA0ABCTL                     
0000005e  UCA0IRTCTL                    
0000005f  UCA0IRRCTL                    
00000060  UCA0CTL0                      
00000061  UCA0CTL1                      
00000062  UCA0BR0                       
00000063  UCA0BR1                       
00000064  UCA0MCTL                      
00000065  UCA0STAT                      
00000066  UCA0RXBUF                     
00000067  UCA0TXBUF                     
00000068  UCB0CTL0                      
00000069  UCB0CTL1                      
0000006a  UCB0BR0                       
0000006b  UCB0BR1                       
0000006c  UCB0I2CIE                     
0000006d  UCB0STAT                      
0000006e  UCB0RXBUF                     
0000006f  UCB0TXBUF                     
00000118  UCB0I2COA                     
0000011a  UCB0I2CSA                     
0000011e  TA1IV                         
00000120  WDTCTL                        
00000128  FCTL1                         
0000012a  FCTL2                         
0000012c  FCTL3                         
0000012e  TA0IV                         
00000160  TA0CTL                        
00000162  TA0CCTL0                      
00000164  TA0CCTL1                      
00000166  TA0CCTL2                      
00000170  TA0R                          
00000172  TA0CCR0                       
00000174  TA0CCR1                       
00000176  TA0CCR2                       
00000180  TA1CTL                        
00000182  TA1CCTL0                      
00000184  TA1CCTL1                      
00000186  TA1CCTL2                      
00000190  TA1R                          
00000192  TA1CCR0                       
00000194  TA1CCR1                       
00000196  TA1CCR2                       
000001b0  ADC10CTL0                     
000001b2  ADC10CTL1                     
000001b4  ADC10MEM                      
000001bc  ADC10SA                       
00000200  unidades                      
00000202  decenas                       
00000204  millar                        
00000206  centenas                      
00000208  decimas                       
0000020a  centecimas                    
0000020c  milesimas                     
0000020e  cont                          
00000210  num                           
00000212  cont2                         
00000214  Val                           
00000218  Val1                          
0000021c  Valor                         
00000220  columna                       
00000221  columna1                      
00000222  columna2                      
00000223  columna4                      
00000224  columna3                      
00000225  columna6                      
00000226  columna5                      
00000227  fila                          
000003b0  _stack                        
00000400  __STACK_END                   
000010c0  TLV_CHECKSUM                  
000010da  TLV_ADC10_1_TAG               
000010db  TLV_ADC10_1_LEN               
000010f6  TLV_DCO_30_TAG                
000010f7  TLV_DCO_30_LEN                
000010f8  CALDCO_16MHZ                  
000010f9  CALBC1_16MHZ                  
000010fa  CALDCO_12MHZ                  
000010fb  CALBC1_12MHZ                  
000010fc  CALDCO_8MHZ                   
000010fd  CALBC1_8MHZ                   
000010fe  CALDCO_1MHZ                   
000010ff  CALBC1_1MHZ                   
0000c000  Numeros                       
0000c368  __mspabi_divull               
0000c6c8  __mspabi_addd                 
0000c9c2  LCD1602_Printf                
0000cc4a  __TI_frcmpyd                  
0000ced0  __mspabi_mpyd                 
0000d13e  __TI_frcaddd                  
0000d39e  Conf_LCD1602                  
0000d58c  __mspabi_divlli               
0000d6d4  __mspabi_subf                 
0000d6da  __mspabi_addf                 
0000d806  LCD1602_Print                 
0000d936  Conv_Entero                   
0000da50  __mspabi_mpyll                
0000da50  __mspabi_mpyll_sw             
0000db64  LCD1602_Com                   
0000dc6c  LCD1602_Dato                  
0000dd74  __mspabi_cmpd                 
0000de50  main                          
0000df24  __mspabi_mpyf                 
0000dfe8  __TI_renormd                  
0000e0a6  __mspabi_cvtdf                
0000e132  __TI_decompress_lzss          
0000e1ae  __mspabi_cvtfd                
0000e220  LCD1602_Char                  
0000e28a  __mspabi_fixfi                
0000e2f2  __mspabi_remlli               
0000e34e  __mspabi_srll_15              
0000e354  __mspabi_srll_14              
0000e35a  __mspabi_srll_13              
0000e360  __mspabi_srll_12              
0000e366  __mspabi_srll_11              
0000e36c  __mspabi_srll_10              
0000e372  __mspabi_srll_9               
0000e378  __mspabi_srll_8               
0000e37e  __mspabi_srll_7               
0000e384  __mspabi_srll_6               
0000e38a  __mspabi_srll_5               
0000e390  __mspabi_srll_4               
0000e396  __mspabi_srll_3               
0000e39c  __mspabi_srll_2               
0000e3a2  __mspabi_srll_1               
0000e3aa  LCD1602_Cadena                
0000e3f6  __mspabi_srli                 
0000e404  __mspabi_srli_15              
0000e408  __mspabi_srli_14              
0000e40c  __mspabi_srli_13              
0000e410  __mspabi_srli_12              
0000e414  __mspabi_srli_11              
0000e418  __mspabi_srli_10              
0000e41c  __mspabi_srli_9               
0000e420  __mspabi_srli_8               
0000e424  __mspabi_srli_7               
0000e428  __mspabi_srli_6               
0000e42c  __mspabi_srli_5               
0000e430  __mspabi_srli_4               
0000e434  __mspabi_srli_3               
0000e438  __mspabi_srli_2               
0000e43c  __mspabi_srli_1               
0000e442  __mspabi_srall                
0000e48c  __mspabi_cmpf                 
0000e4d6  __mspabi_srlll                
0000e51c  __mspabi_sllll                
0000e560  __TI_auto_init_nobinit_nopinit
0000e5a2  __mspabi_sral_15              
0000e5a6  __mspabi_sral_14              
0000e5aa  __mspabi_sral_13              
0000e5ae  __mspabi_sral_12              
0000e5b2  __mspabi_sral_11              
0000e5b6  __mspabi_sral_10              
0000e5ba  __mspabi_sral_9               
0000e5be  __mspabi_sral_8               
0000e5c2  __mspabi_sral_7               
0000e5c6  __mspabi_sral_6               
0000e5ca  __mspabi_sral_5               
0000e5ce  __mspabi_sral_4               
0000e5d2  __mspabi_sral_3               
0000e5d6  __mspabi_sral_2               
0000e5da  __mspabi_sral_1               
0000e5e0  __mspabi_slll_15              
0000e5e4  __mspabi_slll_14              
0000e5e8  __mspabi_slll_13              
0000e5ec  __mspabi_slll_12              
0000e5f0  __mspabi_slll_11              
0000e5f4  __mspabi_slll_10              
0000e5f8  __mspabi_slll_9               
0000e5fc  __mspabi_slll_8               
0000e600  __mspabi_slll_7               
0000e604  __mspabi_slll_6               
0000e608  __mspabi_slll_5               
0000e60c  __mspabi_slll_4               
0000e610  __mspabi_slll_3               
0000e614  __mspabi_slll_2               
0000e618  __mspabi_slll_1               
0000e61e  LCD1602_GC                    
0000e656  Conf_Reloj                    
0000e68c  __mspabi_fltif                
0000e6c2  __mspabi_subd                 
0000e6f0  ADC10_ISR                     
0000e71c  __mspabi_srai                 
0000e728  __mspabi_srai_15              
0000e72a  __mspabi_srai_14              
0000e72c  __mspabi_srai_13              
0000e72e  __mspabi_srai_12              
0000e730  __mspabi_srai_11              
0000e732  __mspabi_srai_10              
0000e734  __mspabi_srai_9               
0000e736  __mspabi_srai_8               
0000e738  __mspabi_srai_7               
0000e73a  __mspabi_srai_6               
0000e73c  __mspabi_srai_5               
0000e73e  __mspabi_srai_4               
0000e740  __mspabi_srai_3               
0000e742  __mspabi_srai_2               
0000e744  __mspabi_srai_1               
0000e748  __mspabi_slli                 
0000e754  __mspabi_slli_15              
0000e756  __mspabi_slli_14              
0000e758  __mspabi_slli_13              
0000e75a  __mspabi_slli_12              
0000e75c  __mspabi_slli_11              
0000e75e  __mspabi_slli_10              
0000e760  __mspabi_slli_9               
0000e762  __mspabi_slli_8               
0000e764  __mspabi_slli_7               
0000e766  __mspabi_slli_6               
0000e768  __mspabi_slli_5               
0000e76a  __mspabi_slli_4               
0000e76c  __mspabi_slli_3               
0000e76e  __mspabi_slli_2               
0000e770  __mspabi_slli_1               
0000e774  __mspabi_mpyl                 
0000e774  __mspabi_mpyl_sw              
0000e79a  __mspabi_fltuf                
0000e7be  __mspabi_mpyul                
0000e7be  __mspabi_mpyul_sw             
0000e7e0  LCD1602_Pos                   
0000e7fe  _c_int00_noargs               
0000e81a  llabs                         
0000e830  __TI_decompress_none          
0000e842  __mspabi_srll                 
0000e854  memcpy                        
0000e866  __mspabi_sral                 
0000e876  __mspabi_slll                 
0000e886  __mspabi_func_epilog_7        
0000e888  __mspabi_func_epilog_6        
0000e88a  __mspabi_func_epilog_5        
0000e88c  __mspabi_func_epilog_4        
0000e88e  __mspabi_func_epilog_3        
0000e890  __mspabi_func_epilog_2        
0000e892  __mspabi_func_epilog_1        
0000e896  LCD1602_E                     
0000e8a0  WDT_ISR                       
0000e8a8  __TI_ISR_TRAP                 
0000e8b0  C$$EXIT                       
0000e8b0  abort                         
0000e8b6  _system_pre_init              
0000e8ba  _system_post_cinit            
0000e8bc  signos                        
0000e916  __TI_Handler_Table_Base       
0000e91a  __TI_CINIT_Base               
0000e91a  __TI_Handler_Table_Limit      
0000e91e  __TI_CINIT_Limit              
0000ffe0  __TI_int00                    
0000ffe4  __TI_int02                    
0000ffe6  __TI_int03                    
0000ffea  __TI_int05                    
0000ffec  __TI_int06                    
0000ffee  __TI_int07                    
0000fff0  __TI_int08                    
0000fff2  __TI_int09                    
0000fff4  __TI_int10                    
0000fff6  __TI_int11                    
0000fff8  __TI_int12                    
0000fffa  __TI_int13                    
0000fffc  __TI_int14                    
0000fffe  _reset_vector                 
ffffffff  __TI_pprof_out_hndl           
ffffffff  __TI_prof_data_size           
ffffffff  __TI_prof_data_start          
ffffffff  __c_args__                    

[303 symbols]
